Archive member included to satisfy reference by file (symbol)

C:/tools/arm-gnu-toolchain-13.2.Rel1-mingw-w64-i686-arm-none-eabi/bin/../lib/gcc/arm-none-eabi/13.2.1/thumb/v7-m/nofp\libc_nano.a(libc_a-exit.o)
                              C:/tools/arm-gnu-toolchain-13.2.Rel1-mingw-w64-i686-arm-none-eabi/bin/../lib/gcc/arm-none-eabi/13.2.1/thumb/v7-m/nofp/crt0.o (exit)
C:/tools/arm-gnu-toolchain-13.2.Rel1-mingw-w64-i686-arm-none-eabi/bin/../lib/gcc/arm-none-eabi/13.2.1/thumb/v7-m/nofp\libc_nano.a(libc_a-findfp.o)
                              C:/tools/arm-gnu-toolchain-13.2.Rel1-mingw-w64-i686-arm-none-eabi/bin/../lib/gcc/arm-none-eabi/13.2.1/thumb/v7-m/nofp\libc_nano.a(libc_a-exit.o) (__stdio_exit_handler)
C:/tools/arm-gnu-toolchain-13.2.Rel1-mingw-w64-i686-arm-none-eabi/bin/../lib/gcc/arm-none-eabi/13.2.1/thumb/v7-m/nofp\libc_nano.a(libc_a-fwalk.o)
                              C:/tools/arm-gnu-toolchain-13.2.Rel1-mingw-w64-i686-arm-none-eabi/bin/../lib/gcc/arm-none-eabi/13.2.1/thumb/v7-m/nofp\libc_nano.a(libc_a-findfp.o) (_fwalk_sglue)
C:/tools/arm-gnu-toolchain-13.2.Rel1-mingw-w64-i686-arm-none-eabi/bin/../lib/gcc/arm-none-eabi/13.2.1/thumb/v7-m/nofp\libc_nano.a(libc_a-stdio.o)
                              C:/tools/arm-gnu-toolchain-13.2.Rel1-mingw-w64-i686-arm-none-eabi/bin/../lib/gcc/arm-none-eabi/13.2.1/thumb/v7-m/nofp\libc_nano.a(libc_a-findfp.o) (__sread)
C:/tools/arm-gnu-toolchain-13.2.Rel1-mingw-w64-i686-arm-none-eabi/bin/../lib/gcc/arm-none-eabi/13.2.1/thumb/v7-m/nofp\libc_nano.a(libc_a-memset.o)
                              C:/tools/arm-gnu-toolchain-13.2.Rel1-mingw-w64-i686-arm-none-eabi/bin/../lib/gcc/arm-none-eabi/13.2.1/thumb/v7-m/nofp/crt0.o (memset)
C:/tools/arm-gnu-toolchain-13.2.Rel1-mingw-w64-i686-arm-none-eabi/bin/../lib/gcc/arm-none-eabi/13.2.1/thumb/v7-m/nofp\libc_nano.a(libc_a-closer.o)
                              C:/tools/arm-gnu-toolchain-13.2.Rel1-mingw-w64-i686-arm-none-eabi/bin/../lib/gcc/arm-none-eabi/13.2.1/thumb/v7-m/nofp\libc_nano.a(libc_a-stdio.o) (_close_r)
C:/tools/arm-gnu-toolchain-13.2.Rel1-mingw-w64-i686-arm-none-eabi/bin/../lib/gcc/arm-none-eabi/13.2.1/thumb/v7-m/nofp\libc_nano.a(libc_a-reent.o)
                              C:/tools/arm-gnu-toolchain-13.2.Rel1-mingw-w64-i686-arm-none-eabi/bin/../lib/gcc/arm-none-eabi/13.2.1/thumb/v7-m/nofp\libc_nano.a(libc_a-closer.o) (errno)
C:/tools/arm-gnu-toolchain-13.2.Rel1-mingw-w64-i686-arm-none-eabi/bin/../lib/gcc/arm-none-eabi/13.2.1/thumb/v7-m/nofp\libc_nano.a(libc_a-impure.o)
                              C:/tools/arm-gnu-toolchain-13.2.Rel1-mingw-w64-i686-arm-none-eabi/bin/../lib/gcc/arm-none-eabi/13.2.1/thumb/v7-m/nofp\libc_nano.a(libc_a-reent.o) (_impure_ptr)
C:/tools/arm-gnu-toolchain-13.2.Rel1-mingw-w64-i686-arm-none-eabi/bin/../lib/gcc/arm-none-eabi/13.2.1/thumb/v7-m/nofp\libc_nano.a(libc_a-lseekr.o)
                              C:/tools/arm-gnu-toolchain-13.2.Rel1-mingw-w64-i686-arm-none-eabi/bin/../lib/gcc/arm-none-eabi/13.2.1/thumb/v7-m/nofp\libc_nano.a(libc_a-stdio.o) (_lseek_r)
C:/tools/arm-gnu-toolchain-13.2.Rel1-mingw-w64-i686-arm-none-eabi/bin/../lib/gcc/arm-none-eabi/13.2.1/thumb/v7-m/nofp\libc_nano.a(libc_a-readr.o)
                              C:/tools/arm-gnu-toolchain-13.2.Rel1-mingw-w64-i686-arm-none-eabi/bin/../lib/gcc/arm-none-eabi/13.2.1/thumb/v7-m/nofp\libc_nano.a(libc_a-stdio.o) (_read_r)
C:/tools/arm-gnu-toolchain-13.2.Rel1-mingw-w64-i686-arm-none-eabi/bin/../lib/gcc/arm-none-eabi/13.2.1/thumb/v7-m/nofp\libc_nano.a(libc_a-writer.o)
                              C:/tools/arm-gnu-toolchain-13.2.Rel1-mingw-w64-i686-arm-none-eabi/bin/../lib/gcc/arm-none-eabi/13.2.1/thumb/v7-m/nofp\libc_nano.a(libc_a-stdio.o) (_write_r)
C:/tools/arm-gnu-toolchain-13.2.Rel1-mingw-w64-i686-arm-none-eabi/bin/../lib/gcc/arm-none-eabi/13.2.1/thumb/v7-m/nofp\libc_nano.a(libc_a-init.o)
                              C:/tools/arm-gnu-toolchain-13.2.Rel1-mingw-w64-i686-arm-none-eabi/bin/../lib/gcc/arm-none-eabi/13.2.1/thumb/v7-m/nofp/crt0.o (__libc_init_array)
C:/tools/arm-gnu-toolchain-13.2.Rel1-mingw-w64-i686-arm-none-eabi/bin/../lib/gcc/arm-none-eabi/13.2.1/thumb/v7-m/nofp\libc_nano.a(libc_a-lock.o)
                              C:/tools/arm-gnu-toolchain-13.2.Rel1-mingw-w64-i686-arm-none-eabi/bin/../lib/gcc/arm-none-eabi/13.2.1/thumb/v7-m/nofp\libc_nano.a(libc_a-findfp.o) (__retarget_lock_init_recursive)
C:/tools/arm-gnu-toolchain-13.2.Rel1-mingw-w64-i686-arm-none-eabi/bin/../lib/gcc/arm-none-eabi/13.2.1/thumb/v7-m/nofp\libc_nano.a(libc_a-freer.o)
                              C:/tools/arm-gnu-toolchain-13.2.Rel1-mingw-w64-i686-arm-none-eabi/bin/../lib/gcc/arm-none-eabi/13.2.1/thumb/v7-m/nofp\libc_nano.a(libc_a-reent.o) (_free_r)
C:/tools/arm-gnu-toolchain-13.2.Rel1-mingw-w64-i686-arm-none-eabi/bin/../lib/gcc/arm-none-eabi/13.2.1/thumb/v7-m/nofp\libc_nano.a(libc_a-mallocr.o)
[...]
Memory Configuration

Name             Origin             Length             Attributes
RAM              0x20000000         0x00005000         xrw
FLASH            0x08000000         0x00020000         xr
*default*        0x00000000         0xffffffff

Linker script and memory map

LOAD C:/tools/arm-gnu-toolchain-13.2.Rel1-mingw-w64-i686-arm-none-eabi/bin/../lib/gcc/arm-none-eabi/13.2.1/thumb/v7-m/nofp/crti.o
LOAD C:/tools/arm-gnu-toolchain-13.2.Rel1-mingw-w64-i686-arm-none-eabi/bin/../lib/gcc/arm-none-eabi/13.2.1/thumb/v7-m/nofp/crtbegin.o
LOAD C:/tools/arm-gnu-toolchain-13.2.Rel1-mingw-w64-i686-arm-none-eabi/bin/../lib/gcc/arm-none-eabi/13.2.1/thumb/v7-m/nofp/crt0.o
LOAD C:/tools/arm-gnu-toolchain-13.2.Rel1-mingw-w64-i686-arm-none-eabi/bin/../lib/gcc/arm-none-eabi/13.2.1/thumb/v7-m/nofp\libc_nano.a
LOAD C:/tools/arm-gnu-toolchain-13.2.Rel1-mingw-w64-i686-arm-none-eabi/bin/../lib/gcc/arm-none-eabi/13.2.1/thumb/v7-m/nofp\libm.a
LOAD CMakeFiles/stm32_fw.elf.dir/src/Core/Src/gpio.c.obj
LOAD CMakeFiles/stm32_fw.elf.dir/src/Core/Src/main.c.obj
LOAD CMakeFiles/stm32_fw.elf.dir/src/Core/Src/stm32f1xx_hal_msp.c.obj
LOAD CMakeFiles/stm32_fw.elf.dir/src/Core/Src/stm32f1xx_it.c.obj
LOAD CMakeFiles/stm32_fw.elf.dir/src/Core/Src/syscalls.c.obj
LOAD CMakeFiles/stm32_fw.elf.dir/src/Core/Src/sysmem.c.obj
LOAD CMakeFiles/stm32_fw.elf.dir/src/Core/Src/system_stm32f1xx.c.obj
LOAD CMakeFiles/stm32_fw.elf.dir/src/Drivers/STM32F1xx_HAL_Driver/Src/stm32f1xx_hal.c.obj
LOAD CMakeFiles/stm32_fw.elf.dir/src/Drivers/STM32F1xx_HAL_Driver/Src/stm32f1xx_hal_cortex.c.obj
LOAD CMakeFiles/stm32_fw.elf.dir/src/Drivers/STM32F1xx_HAL_Driver/Src/stm32f1xx_hal_dma.c.obj
LOAD CMakeFiles/stm32_fw.elf.dir/src/Drivers/STM32F1xx_HAL_Driver/Src/stm32f1xx_hal_exti.c.obj
LOAD CMakeFiles/stm32_fw.elf.dir/src/Drivers/STM32F1xx_HAL_Driver/Src/stm32f1xx_hal_flash.c.obj
LOAD CMakeFiles/stm32_fw.elf.dir/src/Drivers/STM32F1xx_HAL_Driver/Src/stm32f1xx_hal_flash_ex.c.obj
LOAD CMakeFiles/stm32_fw.elf.dir/src/Drivers/STM32F1xx_HAL_Driver/Src/stm32f1xx_hal_gpio.c.obj
LOAD CMakeFiles/stm32_fw.elf.dir/src/Drivers/STM32F1xx_HAL_Driver/Src/stm32f1xx_hal_gpio_ex.c.obj
LOAD CMakeFiles/stm32_fw.elf.dir/src/Drivers/STM32F1xx_HAL_Driver/Src/stm32f1xx_hal_pwr.c.obj
LOAD CMakeFiles/stm32_fw.elf.dir/src/Drivers/STM32F1xx_HAL_Driver/Src/stm32f1xx_hal_rcc.c.obj
LOAD CMakeFiles/stm32_fw.elf.dir/src/Drivers/STM32F1xx_HAL_Driver/Src/stm32f1xx_hal_rcc_ex.c.obj
LOAD CMakeFiles/stm32_fw.elf.dir/src/Drivers/STM32F1xx_HAL_Driver/Src/stm32f1xx_hal_tim.c.obj
LOAD CMakeFiles/stm32_fw.elf.dir/src/Drivers/STM32F1xx_HAL_Driver/Src/stm32f1xx_hal_tim_ex.c.obj
LOAD CMakeFiles/stm32_fw.elf.dir/src/Core/Startup/startup_stm32f103cbtx.s.obj
START GROUP
LOAD C:/tools/arm-gnu-toolchain-13.2.Rel1-mingw-w64-i686-arm-none-eabi/bin/../lib/gcc/arm-none-eabi/13.2.1/thumb/v7-m/nofp\libgcc.a
LOAD C:/tools/arm-gnu-toolchain-13.2.Rel1-mingw-w64-i686-arm-none-eabi/bin/../lib/gcc/arm-none-eabi/13.2.1/thumb/v7-m/nofp\libg_nano.a
LOAD C:/tools/arm-gnu-toolchain-13.2.Rel1-mingw-w64-i686-arm-none-eabi/bin/../lib/gcc/arm-none-eabi/13.2.1/thumb/v7-m/nofp\libc_nano.a
END GROUP
START GROUP
LOAD C:/tools/arm-gnu-toolchain-13.2.Rel1-mingw-w64-i686-arm-none-eabi/bin/../lib/gcc/arm-none-eabi/13.2.1/thumb/v7-m/nofp\libgcc.a
LOAD C:/tools/arm-gnu-toolchain-13.2.Rel1-mingw-w64-i686-arm-none-eabi/bin/../lib/gcc/arm-none-eabi/13.2.1/thumb/v7-m/nofp\libc_nano.a
END GROUP
LOAD C:/tools/arm-gnu-toolchain-13.2.Rel1-mingw-w64-i686-arm-none-eabi/bin/../lib/gcc/arm-none-eabi/13.2.1/thumb/v7-m/nofp/crtend.o
LOAD C:/tools/arm-gnu-toolchain-13.2.Rel1-mingw-w64-i686-arm-none-eabi/bin/../lib/gcc/arm-none-eabi/13.2.1/thumb/v7-m/nofp/crtn.o
                0x20005000                        _estack = (ORIGIN (RAM) + LENGTH (RAM))
                0x00000200                        _Min_Heap_Size = 0x200
                0x00000400                        _Min_Stack_Size = 0x400

.isr_vector     0x08000000      0x10c
                0x08000000                        . = ALIGN (0x4)
 *(.isr_vector)
 .isr_vector    0x08000000      0x10c CMakeFiles/stm32_fw.elf.dir/src/Core/Startup/startup_stm32f103cbtx.s.obj
                0x08000000                g_pfnVectors
                0x0800010c                        . = ALIGN (0x4)

.text           0x0800010c     0x1134
                0x0800010c                        . = ALIGN (0x4)
 *(.text)
 *(.text*)
 .text.deregister_tm_clones
                0x0800010c       0x1c C:/tools/arm-gnu-toolchain-13.2.Rel1-mingw-w64-i686-arm-none-eabi/bin/../lib/gcc/arm-none-eabi/13.2.1/thumb/v7-m/nofp/crtbegin.o
 .text.register_tm_clones
                0x08000128       0x24 C:/tools/arm-gnu-toolchain-13.2.Rel1-mingw-w64-i686-arm-none-eabi/bin/../lib/gcc/arm-none-eabi/13.2.1/thumb/v7-m/nofp/crtbegin.o
 .text.__do_global_dtors_aux
                0x0800014c       0x28 C:/tools/arm-gnu-toolchain-13.2.Rel1-mingw-w64-i686-arm-none-eabi/bin/../lib/gcc/arm-none-eabi/13.2.1/thumb/v7-m/nofp/crtbegin.o
 .text.frame_dummy
                0x08000174       0x24 C:/tools/arm-gnu-toolchain-13.2.Rel1-mingw-w64-i686-arm-none-eabi/bin/../lib/gcc/arm-none-eabi/13.2.1/thumb/v7-m/nofp/crtbegin.o
 .text.memset   0x08000198       0x10 C:/tools/arm-gnu-toolchain-13.2.Rel1-mingw-w64-i686-arm-none-eabi/bin/../lib/gcc/arm-none-eabi/13.2.1/thumb/v7-m/nofp\libc_nano.a(libc_a-memset.o)
                0x08000198                memset
 .text.__libc_init_array
                0x080001a8       0x48 C:/tools/arm-gnu-toolchain-13.2.Rel1-mingw-w64-i686-arm-none-eabi/bin/../lib/gcc/arm-none-eabi/13.2.1/thumb/v7-m/nofp\libc_nano.a(libc_a-init.o)
                0x080001a8                __libc_init_array
 .text.MX_GPIO_Init
                0x080001f0       0x7c CMakeFiles/stm32_fw.elf.dir/src/Core/Src/gpio.c.obj
                0x080001f0                MX_GPIO_Init
 .text.main     0x0800026c       0x28 CMakeFiles/stm32_fw.elf.dir/src/Core/Src/main.c.obj
                0x0800026c                main
 .text.SystemClock_Config
                0x08000294       0x76 CMakeFiles/stm32_fw.elf.dir/src/Core/Src/main.c.obj
                0x08000294                SystemClock_Config
 .text.Error_Handler
                0x0800030a        0xc CMakeFiles/stm32_fw.elf.dir/src/Core/Src/main.c.obj
                0x0800030a                Error_Handler
 *fill*         0x08000316        0x2 
 .text.HAL_MspInit
                0x08000318       0x64 CMakeFiles/stm32_fw.elf.dir/src/Core/Src/stm32f1xx_hal_msp.c.obj
                0x08000318                HAL_MspInit
 .text.NMI_Handler
                0x0800037c        0x8 CMakeFiles/stm32_fw.elf.dir/src/Core/Src/stm32f1xx_it.c.obj
                0x0800037c                NMI_Handler
 .text.HardFault_Handler
                0x08000384        0x8 CMakeFiles/stm32_fw.elf.dir/src/Core/Src/stm32f1xx_it.c.obj
                0x08000384                HardFault_Handler
 .text.MemManage_Handler
                0x0800038c        0x8 CMakeFiles/stm32_fw.elf.dir/src/Core/Src/stm32f1xx_it.c.obj
                0x0800038c                MemManage_Handler
 .text.BusFault_Handler
                0x08000394        0x8 CMakeFiles/stm32_fw.elf.dir/src/Core/Src/stm32f1xx_it.c.obj
                0x08000394                BusFault_Handler
 .text.UsageFault_Handler
                0x0800039c        0x8 CMakeFiles/stm32_fw.elf.dir/src/Core/Src/stm32f1xx_it.c.obj
                0x0800039c                UsageFault_Handler
 .text.SVC_Handler
                0x080003a4        0xc CMakeFiles/stm32_fw.elf.dir/src/Core/Src/stm32f1xx_it.c.obj
                0x080003a4                SVC_Handler
 .text.DebugMon_Handler
                0x080003b0        0xc CMakeFiles/stm32_fw.elf.dir/src/Core/Src/stm32f1xx_it.c.obj
                0x080003b0                DebugMon_Handler
 .text.PendSV_Handler
                0x080003bc        0xc CMakeFiles/stm32_fw.elf.dir/src/Core/Src/stm32f1xx_it.c.obj
                0x080003bc                PendSV_Handler
 .text.SysTick_Handler
                0x080003c8        0xc CMakeFiles/stm32_fw.elf.dir/src/Core/Src/stm32f1xx_it.c.obj
                0x080003c8                SysTick_Handler
 .text.SystemInit
                0x080003d4        0xc CMakeFiles/stm32_fw.elf.dir/src/Core/Src/system_stm32f1xx.c.obj
                0x080003d4                SystemInit
 .text.HAL_Init
                0x080003e0       0x2c CMakeFiles/stm32_fw.elf.dir/src/Drivers/STM32F1xx_HAL_Driver/Src/stm32f1xx_hal.c.obj
                0x080003e0                HAL_Init
 .text.HAL_InitTick
                0x0800040c       0x60 CMakeFiles/stm32_fw.elf.dir/src/Drivers/STM32F1xx_HAL_Driver/Src/stm32f1xx_hal.c.obj
                0x0800040c                HAL_InitTick
 .text.HAL_IncTick
                0x0800046c       0x24 CMakeFiles/stm32_fw.elf.dir/src/Drivers/STM32F1xx_HAL_Driver/Src/stm32f1xx_hal.c.obj
                0x0800046c                HAL_IncTick
 .text.HAL_GetTick
                0x08000490       0x14 CMakeFiles/stm32_fw.elf.dir/src/Drivers/STM32F1xx_HAL_Driver/Src/stm32f1xx_hal.c.obj
                0x08000490                HAL_GetTick
 .text.HAL_Delay
                0x080004a4       0x48 CMakeFiles/stm32_fw.elf.dir/src/Drivers/STM32F1xx_HAL_Driver/Src/stm32f1xx_hal.c.obj
                0x080004a4                HAL_Delay
 .text.__NVIC_SetPriorityGrouping
                0x080004ec       0x48 CMakeFiles/stm32_fw.elf.dir/src/Drivers/STM32F1xx_HAL_Driver/Src/stm32f1xx_hal_cortex.c.obj
 .text.__NVIC_GetPriorityGrouping
                0x08000534       0x1c CMakeFiles/stm32_fw.elf.dir/src/Drivers/STM32F1xx_HAL_Driver/Src/stm32f1xx_hal_cortex.c.obj
 .text.__NVIC_SetPriority
                0x08000550       0x54 CMakeFiles/stm32_fw.elf.dir/src/Drivers/STM32F1xx_HAL_Driver/Src/stm32f1xx_hal_cortex.c.obj
 .text.NVIC_EncodePriority
                0x080005a4       0x64 CMakeFiles/stm32_fw.elf.dir/src/Drivers/STM32F1xx_HAL_Driver/Src/stm32f1xx_hal_cortex.c.obj
 .text.SysTick_Config
                0x08000608       0x44 CMakeFiles/stm32_fw.elf.dir/src/Drivers/STM32F1xx_HAL_Driver/Src/stm32f1xx_hal_cortex.c.obj
 .text.HAL_NVIC_SetPriorityGrouping
                0x0800064c       0x16 CMakeFiles/stm32_fw.elf.dir/src/Drivers/STM32F1xx_HAL_Driver/Src/stm32f1xx_hal_cortex.c.obj
                0x0800064c                HAL_NVIC_SetPriorityGrouping
 .text.HAL_NVIC_SetPriority
                0x08000662       0x38 CMakeFiles/stm32_fw.elf.dir/src/Drivers/STM32F1xx_HAL_Driver/Src/stm32f1xx_hal_cortex.c.obj
                0x08000662                HAL_NVIC_SetPriority
 .text.HAL_SYSTICK_Config
                0x0800069a       0x18 CMakeFiles/stm32_fw.elf.dir/src/Drivers/STM32F1xx_HAL_Driver/Src/stm32f1xx_hal_cortex.c.obj
                0x0800069a                HAL_SYSTICK_Config
 *fill*         0x080006b2        0x2 
 .text.HAL_GPIO_Init
                0x080006b4      0x308 CMakeFiles/stm32_fw.elf.dir/src/Drivers/STM32F1xx_HAL_Driver/Src/stm32f1xx_hal_gpio.c.obj
                0x080006b4                HAL_GPIO_Init
 .text.HAL_GPIO_WritePin
                0x080009bc       0x30 CMakeFiles/stm32_fw.elf.dir/src/Drivers/STM32F1xx_HAL_Driver/Src/stm32f1xx_hal_gpio.c.obj
                0x080009bc                HAL_GPIO_WritePin
 .text.HAL_GPIO_TogglePin
                0x080009ec       0x32 CMakeFiles/stm32_fw.elf.dir/src/Drivers/STM32F1xx_HAL_Driver/Src/stm32f1xx_hal_gpio.c.obj
                0x080009ec                HAL_GPIO_TogglePin
 *fill*         0x08000a1e        0x2 
 .text.HAL_RCC_OscConfig
                0x08000a20      0x504 CMakeFiles/stm32_fw.elf.dir/src/Drivers/STM32F1xx_HAL_Driver/Src/stm32f1xx_hal_rcc.c.obj
                0x08000a20                HAL_RCC_OscConfig
 .text.HAL_RCC_ClockConfig
                0x08000f24      0x1d4 CMakeFiles/stm32_fw.elf.dir/src/Drivers/STM32F1xx_HAL_Driver/Src/stm32f1xx_hal_rcc.c.obj
                0x08000f24                HAL_RCC_ClockConfig
 .text.HAL_RCC_GetSysClockFreq
                0x080010f8       0xa8 CMakeFiles/stm32_fw.elf.dir/src/Drivers/STM32F1xx_HAL_Driver/Src/stm32f1xx_hal_rcc.c.obj
                0x080010f8                HAL_RCC_GetSysClockFreq
 .text.RCC_Delay
                0x080011a0       0x3c CMakeFiles/stm32_fw.elf.dir/src/Drivers/STM32F1xx_HAL_Driver/Src/stm32f1xx_hal_rcc.c.obj
 .text.Reset_Handler
                0x080011dc       0x48 CMakeFiles/stm32_fw.elf.dir/src/Core/Startup/startup_stm32f103cbtx.s.obj
                0x080011dc                Reset_Handler
 .text.Default_Handler
                0x08001224        0x2 CMakeFiles/stm32_fw.elf.dir/src/Core/Startup/startup_stm32f103cbtx.s.obj
                0x08001224                RTC_Alarm_IRQHandler
                0x08001224                EXTI2_IRQHandler
                0x08001224                TIM1_CC_IRQHandler
                0x08001224                PVD_IRQHandler
                0x08001224                EXTI3_IRQHandler
                0x08001224                EXTI0_IRQHandler
                0x08001224                I2C2_EV_IRQHandler
                0x08001224                ADC1_2_IRQHandler
                0x08001224                SPI1_IRQHandler
                0x08001224                TAMPER_IRQHandler
                0x08001224                DMA1_Channel4_IRQHandler
                0x08001224                USART3_IRQHandler
                0x08001224                RTC_IRQHandler
                0x08001224                DMA1_Channel7_IRQHandler
                0x08001224                CAN1_RX1_IRQHandler
                0x08001224                TIM4_IRQHandler
                0x08001224                I2C1_EV_IRQHandler
                0x08001224                DMA1_Channel6_IRQHandler
                0x08001224                TIM3_IRQHandler
                0x08001224                RCC_IRQHandler
                0x08001224                TIM1_TRG_COM_IRQHandler
                0x08001224                DMA1_Channel1_IRQHandler
                0x08001224                Default_Handler
                0x08001224                EXTI15_10_IRQHandler
                0x08001224                EXTI9_5_IRQHandler
                0x08001224                SPI2_IRQHandler
                0x08001224                DMA1_Channel5_IRQHandler
                0x08001224                EXTI4_IRQHandler
                0x08001224                USB_LP_CAN1_RX0_IRQHandler
                0x08001224                USB_HP_CAN1_TX_IRQHandler
                0x08001224                DMA1_Channel3_IRQHandler
                0x08001224                TIM1_UP_IRQHandler
                0x08001224                WWDG_IRQHandler
                0x08001224                TIM2_IRQHandler
                0x08001224                TIM1_BRK_IRQHandler
                0x08001224                EXTI1_IRQHandler
                0x08001224                USART2_IRQHandler
                0x08001224                I2C2_ER_IRQHandler
                0x08001224                DMA1_Channel2_IRQHandler
                0x08001224                CAN1_SCE_IRQHandler
                0x08001224                FLASH_IRQHandler
                0x08001224                USART1_IRQHandler
                0x08001224                I2C1_ER_IRQHandler
                0x08001224                USBWakeUp_IRQHandler
 *(.glue_7)
 .glue_7        0x08001226        0x0 linker stubs
 *(.glue_7t)
 .glue_7t       0x08001226        0x0 linker stubs
 *(.eh_frame)
 *fill*         0x08001226        0x2 
 .eh_frame      0x08001228        0x0 C:/tools/arm-gnu-toolchain-13.2.Rel1-mingw-w64-i686-arm-none-eabi/bin/../lib/gcc/arm-none-eabi/13.2.1/thumb/v7-m/nofp/crtbegin.o
 *(.init)
 .init          0x08001228        0x4 C:/tools/arm-gnu-toolchain-13.2.Rel1-mingw-w64-i686-arm-none-eabi/bin/../lib/gcc/arm-none-eabi/13.2.1/thumb/v7-m/nofp/crti.o
                0x08001228                _init
 .init          0x0800122c        0x8 C:/tools/arm-gnu-toolchain-13.2.Rel1-mingw-w64-i686-arm-none-eabi/bin/../lib/gcc/arm-none-eabi/13.2.1/thumb/v7-m/nofp/crtn.o
 *(.fini)
 .fini          0x08001234        0x4 C:/tools/arm-gnu-toolchain-13.2.Rel1-mingw-w64-i686-arm-none-eabi/bin/../lib/gcc/arm-none-eabi/13.2.1/thumb/v7-m/nofp/crti.o
                0x08001234                _fini
 .fini          0x08001238        0x8 C:/tools/arm-gnu-toolchain-13.2.Rel1-mingw-w64-i686-arm-none-eabi/bin/../lib/gcc/arm-none-eabi/13.2.1/thumb/v7-m/nofp/crtn.o
                0x08001240                        . = ALIGN (0x4)
                0x08001240                        _etext = .

.vfp11_veneer   0x08001240        0x0
 .vfp11_veneer  0x08001240        0x0 linker stubs

.v4_bx          0x08001240        0x0
 .v4_bx         0x08001240        0x0 linker stubs

.iplt           0x08001240        0x0
 .iplt          0x08001240        0x0 C:/tools/arm-gnu-toolchain-13.2.Rel1-mingw-w64-i686-arm-none-eabi/bin/../lib/gcc/arm-none-eabi/13.2.1/thumb/v7-m/nofp/crtbegin.o

.rodata         0x08001240       0x24
                0x08001240                        . = ALIGN (0x4)
 *(.rodata)
 *(.rodata*)
 .rodata.AHBPrescTable
                0x08001240       0x10 CMakeFiles/stm32_fw.elf.dir/src/Core/Src/system_stm32f1xx.c.obj
                0x08001240                AHBPrescTable
 .rodata.aPLLMULFactorTable.1
                0x08001250       0x10 CMakeFiles/stm32_fw.elf.dir/src/Drivers/STM32F1xx_HAL_Driver/Src/stm32f1xx_hal_rcc.c.obj
 .rodata.aPredivFactorTable.0
                0x08001260        0x2 CMakeFiles/stm32_fw.elf.dir/src/Drivers/STM32F1xx_HAL_Driver/Src/stm32f1xx_hal_rcc.c.obj
                0x08001264                        . = ALIGN (0x4)
 *fill*         0x08001262        0x2 

.rel.dyn        0x08001264        0x0
 .rel.iplt      0x08001264        0x0 C:/tools/arm-gnu-toolchain-13.2.Rel1-mingw-w64-i686-arm-none-eabi/bin/../lib/gcc/arm-none-eabi/13.2.1/thumb/v7-m/nofp/crtbegin.o

.ARM.extab      0x08001264        0x0
                0x08001264                        . = ALIGN (0x4)
 *(.ARM.extab* .gnu.linkonce.armextab.*)
                0x08001264                        . = ALIGN (0x4)

.ARM            0x08001264        0x0
                0x08001264                        . = ALIGN (0x4)
                0x08001264                        __exidx_start = .
 *(.ARM.exidx*)
                0x08001264                        __exidx_end = .
                0x08001264                        . = ALIGN (0x4)

.preinit_array  0x08001264        0x0
                0x08001264                        . = ALIGN (0x4)
                0x08001264                        PROVIDE (__preinit_array_start = .)
 *(.preinit_array*)
                0x08001264                        PROVIDE (__preinit_array_end = .)
                0x08001264                        . = ALIGN (0x4)

.init_array     0x08001264        0x4
                0x08001264                        . = ALIGN (0x4)
                0x08001264                        PROVIDE (__init_array_start = .)
 *(SORT_BY_NAME(.init_array.*))
 *(.init_array*)
 .init_array    0x08001264        0x4 C:/tools/arm-gnu-toolchain-13.2.Rel1-mingw-w64-i686-arm-none-eabi/bin/../lib/gcc/arm-none-eabi/13.2.1/thumb/v7-m/nofp/crtbegin.o
                0x08001268                        PROVIDE (__init_array_end = .)
                0x08001268                        . = ALIGN (0x4)

.fini_array     0x08001268        0x4
                0x08001268                        . = ALIGN (0x4)
                [!provide]                        PROVIDE (__fini_array_start = .)
 *(SORT_BY_NAME(.fini_array.*))
 *(.fini_array*)
 .fini_array    0x08001268        0x4 C:/tools/arm-gnu-toolchain-13.2.Rel1-mingw-w64-i686-arm-none-eabi/bin/../lib/gcc/arm-none-eabi/13.2.1/thumb/v7-m/nofp/crtbegin.o
                [!provide]                        PROVIDE (__fini_array_end = .)
                0x0800126c                        . = ALIGN (0x4)
                0x0800126c                        _sidata = LOADADDR (.data)

.data           0x20000000        0xc load address 0x0800126c
                0x20000000                        . = ALIGN (0x4)
                0x20000000                        _sdata = .
 *(.data)
 *(.data*)
 .data.SystemCoreClock
                0x20000000        0x4 CMakeFiles/stm32_fw.elf.dir/src/Core/Src/system_stm32f1xx.c.obj
                0x20000000                SystemCoreClock
 .data.uwTickPrio
                0x20000004        0x4 CMakeFiles/stm32_fw.elf.dir/src/Drivers/STM32F1xx_HAL_Driver/Src/stm32f1xx_hal.c.obj
                0x20000004                uwTickPrio
 .data.uwTickFreq
                0x20000008        0x1 CMakeFiles/stm32_fw.elf.dir/src/Drivers/STM32F1xx_HAL_Driver/Src/stm32f1xx_hal.c.obj
                0x20000008                uwTickFreq
 *(.RamFunc)
 *(.RamFunc*)
                0x2000000c                        . = ALIGN (0x4)
 *fill*         0x20000009        0x3 
                0x2000000c                        _edata = .

.tm_clone_table
                0x2000000c        0x0 load address 0x08001278
 .tm_clone_table
                0x2000000c        0x0 C:/tools/arm-gnu-toolchain-13.2.Rel1-mingw-w64-i686-arm-none-eabi/bin/../lib/gcc/arm-none-eabi/13.2.1/thumb/v7-m/nofp/crtbegin.o
 .tm_clone_table
                0x2000000c        0x0 C:/tools/arm-gnu-toolchain-13.2.Rel1-mingw-w64-i686-arm-none-eabi/bin/../lib/gcc/arm-none-eabi/13.2.1/thumb/v7-m/nofp/crtend.o

.igot.plt       0x2000000c        0x0 load address 0x08001278
 .igot.plt      0x2000000c        0x0 C:/tools/arm-gnu-toolchain-13.2.Rel1-mingw-w64-i686-arm-none-eabi/bin/../lib/gcc/arm-none-eabi/13.2.1/thumb/v7-m/nofp/crtbegin.o
                0x2000000c                        . = ALIGN (0x4)

.bss            0x2000000c       0x20 load address 0x08001278
                0x2000000c                        _sbss = .
                0x2000000c                        __bss_start__ = _sbss
 *(.bss)
 *(.bss*)
 .bss.completed.1
                0x2000000c        0x1 C:/tools/arm-gnu-toolchain-13.2.Rel1-mingw-w64-i686-arm-none-eabi/bin/../lib/gcc/arm-none-eabi/13.2.1/thumb/v7-m/nofp/crtbegin.o
 *fill*         0x2000000d        0x3 
 .bss.object.0  0x20000010       0x18 C:/tools/arm-gnu-toolchain-13.2.Rel1-mingw-w64-i686-arm-none-eabi/bin/../lib/gcc/arm-none-eabi/13.2.1/thumb/v7-m/nofp/crtbegin.o
 .bss.uwTick    0x20000028        0x4 CMakeFiles/stm32_fw.elf.dir/src/Drivers/STM32F1xx_HAL_Driver/Src/stm32f1xx_hal.c.obj
                0x20000028                uwTick
 *(COMMON)
                0x2000002c                        . = ALIGN (0x4)
                0x2000002c                        _ebss = .
                0x2000002c                        __bss_end__ = _ebss

._user_heap_stack
                0x2000002c      0x604 load address 0x08001278
                0x20000030                        . = ALIGN (0x8)
 *fill*         0x2000002c        0x4 
                [!provide]                        PROVIDE (end = .)
                0x20000030                        PROVIDE (_end = .)
                0x20000230                        . = (. + _Min_Heap_Size)
 *fill*         0x20000030      0x200 
                0x20000630                        . = (. + _Min_Stack_Size)
 *fill*         0x20000230      0x400 
                0x20000630                        . = ALIGN (0x8)

/DISCARD/
 libc.a(*)
 libm.a(*)
 libgcc.a(*)

.ARM.attributes
                0x00000000       0x29
 *(.ARM.attributes)
 .ARM.attributes
                0x00000000       0x1d C:/tools/arm-gnu-toolchain-13.2.Rel1-mingw-w64-i686-arm-none-eabi/bin/../lib/gcc/arm-none-eabi/13.2.1/thumb/v7-m/nofp/crti.o
 .ARM.attributes
                0x0000001d       0x2d C:/tools/arm-gnu-toolchain-13.2.Rel1-mingw-w64-i686-arm-none-eabi/bin/../lib/gcc/arm-none-eabi/13.2.1/thumb/v7-m/nofp/crtbegin.o
 .ARM.attributes
                0x0000004a       0x2d C:/tools/arm-gnu-toolchain-13.2.Rel1-mingw-w64-i686-arm-none-eabi/bin/../lib/gcc/arm-none-eabi/13.2.1/thumb/v7-m/nofp\libc_nano.a(libc_a-memset.o)
 .ARM.attributes
                0x00000077       0x2d C:/tools/arm-gnu-toolchain-13.2.Rel1-mingw-w64-i686-arm-none-eabi/bin/../lib/gcc/arm-none-eabi/13.2.1/thumb/v7-m/nofp\libc_nano.a(libc_a-init.o)
 .ARM.attributes
                0x000000a4       0x2d CMakeFiles/stm32_fw.elf.dir/src/Core/Src/gpio.c.obj
 .ARM.attributes
                0x000000d1       0x2d CMakeFiles/stm32_fw.elf.dir/src/Core/Src/main.c.obj
 .ARM.attributes
                0x000000fe       0x2d CMakeFiles/stm32_fw.elf.dir/src/Core/Src/stm32f1xx_hal_msp.c.obj
 .ARM.attributes
                0x0000012b       0x2d CMakeFiles/stm32_fw.elf.dir/src/Core/Src/stm32f1xx_it.c.obj
 .ARM.attributes
                0x00000158       0x2d CMakeFiles/stm32_fw.elf.dir/src/Core/Src/system_stm32f1xx.c.obj
 .ARM.attributes
                0x00000185       0x2d CMakeFiles/stm32_fw.elf.dir/src/Drivers/STM32F1xx_HAL_Driver/Src/stm32f1xx_hal.c.obj
 .ARM.attributes
                0x000001b2       0x2d CMakeFiles/stm32_fw.elf.dir/src/Drivers/STM32F1xx_HAL_Driver/Src/stm32f1xx_hal_cortex.c.obj
 .ARM.attributes
                0x000001df       0x2d CMakeFiles/stm32_fw.elf.dir/src/Drivers/STM32F1xx_HAL_Driver/Src/stm32f1xx_hal_gpio.c.obj
 .ARM.attributes
                0x0000020c       0x2d CMakeFiles/stm32_fw.elf.dir/src/Drivers/STM32F1xx_HAL_Driver/Src/stm32f1xx_hal_rcc.c.obj
 .ARM.attributes
                0x00000239       0x21 CMakeFiles/stm32_fw.elf.dir/src/Core/Startup/startup_stm32f103cbtx.s.obj
 .ARM.attributes
                0x0000025a       0x2d C:/tools/arm-gnu-toolchain-13.2.Rel1-mingw-w64-i686-arm-none-eabi/bin/../lib/gcc/arm-none-eabi/13.2.1/thumb/v7-m/nofp/crtend.o
 .ARM.attributes
                0x00000287       0x1d C:/tools/arm-gnu-toolchain-13.2.Rel1-mingw-w64-i686-arm-none-eabi/bin/../lib/gcc/arm-none-eabi/13.2.1/thumb/v7-m/nofp/crtn.o
OUTPUT(stm32_fw.elf elf32-littlearm)
LOAD linker stubs
LOAD C:/tools/arm-gnu-toolchain-13.2.Rel1-mingw-w64-i686-arm-none-eabi/bin/../lib/gcc/arm-none-eabi/13.2.1/thumb/v7-m/nofp\libc.a
LOAD C:/tools/arm-gnu-toolchain-13.2.Rel1-mingw-w64-i686-arm-none-eabi/bin/../lib/gcc/arm-none-eabi/13.2.1/thumb/v7-m/nofp\libm.a
LOAD C:/tools/arm-gnu-toolchain-13.2.Rel1-mingw-w64-i686-arm-none-eabi/bin/../lib/gcc/arm-none-eabi/13.2.1/thumb/v7-m/nofp\libgcc.a

.debug_frame    0x00000000      0xd3c
 .debug_frame   0x00000000       0x20 C:/tools/arm-gnu-toolchain-13.2.Rel1-mingw-w64-i686-arm-none-eabi/bin/../lib/gcc/arm-none-eabi/13.2.1/thumb/v7-m/nofp\libc_nano.a(libc_a-memset.o)
 .debug_frame   0x00000020       0x2c C:/tools/arm-gnu-toolchain-13.2.Rel1-mingw-w64-i686-arm-none-eabi/bin/../lib/gcc/arm-none-eabi/13.2.1/thumb/v7-m/nofp\libc_nano.a(libc_a-init.o)
 .debug_frame   0x0000004c       0x34 CMakeFiles/stm32_fw.elf.dir/src/Core/Src/gpio.c.obj
 .debug_frame   0x00000080       0x68 CMakeFiles/stm32_fw.elf.dir/src/Core/Src/main.c.obj
 .debug_frame   0x000000e8       0x38 CMakeFiles/stm32_fw.elf.dir/src/Core/Src/stm32f1xx_hal_msp.c.obj
 .debug_frame   0x00000120      0x104 CMakeFiles/stm32_fw.elf.dir/src/Core/Src/stm32f1xx_it.c.obj
 .debug_frame   0x00000224       0x58 CMakeFiles/stm32_fw.elf.dir/src/Core/Src/system_stm32f1xx.c.obj
 .debug_frame   0x0000027c      0x334 CMakeFiles/stm32_fw.elf.dir/src/Drivers/STM32F1xx_HAL_Driver/Src/stm32f1xx_hal.c.obj
 .debug_frame   0x000005b0      0x428 CMakeFiles/stm32_fw.elf.dir/src/Drivers/STM32F1xx_HAL_Driver/Src/stm32f1xx_hal_cortex.c.obj
 .debug_frame   0x000009d8      0x14c CMakeFiles/stm32_fw.elf.dir/src/Drivers/STM32F1xx_HAL_Driver/Src/stm32f1xx_hal_gpio.c.obj
 .debug_frame   0x00000b24      0x218 CMakeFiles/stm32_fw.elf.dir/src/Drivers/STM32F1xx_HAL_Driver/Src/stm32f1xx_hal_rcc.c.obj

.debug_info     0x00000000     0x2a35
 .debug_info    0x00000000      0x29b CMakeFiles/stm32_fw.elf.dir/src/Core/Src/gpio.c.obj
 .debug_info    0x0000029b      0x340 CMakeFiles/stm32_fw.elf.dir/src/Core/Src/main.c.obj
 .debug_info    0x000005db      0x1f1 CMakeFiles/stm32_fw.elf.dir/src/Core/Src/stm32f1xx_hal_msp.c.obj
 .debug_info    0x000007cc      0x113 CMakeFiles/stm32_fw.elf.dir/src/Core/Src/stm32f1xx_it.c.obj
 .debug_info    0x000008df      0x21b CMakeFiles/stm32_fw.elf.dir/src/Core/Src/system_stm32f1xx.c.obj
 .debug_info    0x00000afa      0x704 CMakeFiles/stm32_fw.elf.dir/src/Drivers/STM32F1xx_HAL_Driver/Src/stm32f1xx_hal.c.obj
 .debug_info    0x000011fe      0xa87 CMakeFiles/stm32_fw.elf.dir/src/Drivers/STM32F1xx_HAL_Driver/Src/stm32f1xx_hal_cortex.c.obj
 .debug_info    0x00001c85      0x5ab CMakeFiles/stm32_fw.elf.dir/src/Drivers/STM32F1xx_HAL_Driver/Src/stm32f1xx_hal_gpio.c.obj
 .debug_info    0x00002230      0x7d5 CMakeFiles/stm32_fw.elf.dir/src/Drivers/STM32F1xx_HAL_Driver/Src/stm32f1xx_hal_rcc.c.obj
 .debug_info    0x00002a05       0x30 CMakeFiles/stm32_fw.elf.dir/src/Core/Startup/startup_stm32f103cbtx.s.obj

.debug_abbrev   0x00000000      0xf3e
 .debug_abbrev  0x00000000      0x13f CMakeFiles/stm32_fw.elf.dir/src/Core/Src/gpio.c.obj
 .debug_abbrev  0x0000013f      0x1d8 CMakeFiles/stm32_fw.elf.dir/src/Core/Src/main.c.obj
 .debug_abbrev  0x00000317       0xdb CMakeFiles/stm32_fw.elf.dir/src/Core/Src/stm32f1xx_hal_msp.c.obj
 .debug_abbrev  0x000003f2       0x73 CMakeFiles/stm32_fw.elf.dir/src/Core/Src/stm32f1xx_it.c.obj
 .debug_abbrev  0x00000465      0x13f CMakeFiles/stm32_fw.elf.dir/src/Core/Src/system_stm32f1xx.c.obj
 .debug_abbrev  0x000005a4      0x201 CMakeFiles/stm32_fw.elf.dir/src/Drivers/STM32F1xx_HAL_Driver/Src/stm32f1xx_hal.c.obj
 .debug_abbrev  0x000007a5      0x2f8 CMakeFiles/stm32_fw.elf.dir/src/Drivers/STM32F1xx_HAL_Driver/Src/stm32f1xx_hal_cortex.c.obj
 .debug_abbrev  0x00000a9d      0x1ca CMakeFiles/stm32_fw.elf.dir/src/Drivers/STM32F1xx_HAL_Driver/Src/stm32f1xx_hal_gpio.c.obj
 .debug_abbrev  0x00000c67      0x2b3 CMakeFiles/stm32_fw.elf.dir/src/Drivers/STM32F1xx_HAL_Driver/Src/stm32f1xx_hal_rcc.c.obj
 .debug_abbrev  0x00000f1a       0x24 CMakeFiles/stm32_fw.elf.dir/src/Core/Startup/startup_stm32f103cbtx.s.obj

.debug_aranges  0x00000000      0x3e8
 .debug_aranges
                0x00000000       0x20 CMakeFiles/stm32_fw.elf.dir/src/Core/Src/gpio.c.obj
 .debug_aranges
                0x00000020       0x30 CMakeFiles/stm32_fw.elf.dir/src/Core/Src/main.c.obj
 .debug_aranges
                0x00000050       0x20 CMakeFiles/stm32_fw.elf.dir/src/Core/Src/stm32f1xx_hal_msp.c.obj
 .debug_aranges
                0x00000070       0x60 CMakeFiles/stm32_fw.elf.dir/src/Core/Src/stm32f1xx_it.c.obj
 .debug_aranges
                0x000000d0       0x28 CMakeFiles/stm32_fw.elf.dir/src/Core/Src/system_stm32f1xx.c.obj
 .debug_aranges
                0x000000f8       0xe0 CMakeFiles/stm32_fw.elf.dir/src/Drivers/STM32F1xx_HAL_Driver/Src/stm32f1xx_hal.c.obj
 .debug_aranges
                0x000001d8      0x100 CMakeFiles/stm32_fw.elf.dir/src/Drivers/STM32F1xx_HAL_Driver/Src/stm32f1xx_hal_cortex.c.obj
 .debug_aranges
                0x000002d8       0x58 CMakeFiles/stm32_fw.elf.dir/src/Drivers/STM32F1xx_HAL_Driver/Src/stm32f1xx_hal_gpio.c.obj
 .debug_aranges
                0x00000330       0x90 CMakeFiles/stm32_fw.elf.dir/src/Drivers/STM32F1xx_HAL_Driver/Src/stm32f1xx_hal_rcc.c.obj
 .debug_aranges
                0x000003c0       0x28 CMakeFiles/stm32_fw.elf.dir/src/Core/Startup/startup_stm32f103cbtx.s.obj

.debug_rnglists
                0x00000000      0x2c4
 .debug_rnglists
                0x00000000       0x13 CMakeFiles/stm32_fw.elf.dir/src/Core/Src/gpio.c.obj
 .debug_rnglists
                0x00000013       0x1f CMakeFiles/stm32_fw.elf.dir/src/Core/Src/main.c.obj
 .debug_rnglists
                0x00000032       0x13 CMakeFiles/stm32_fw.elf.dir/src/Core/Src/stm32f1xx_hal_msp.c.obj
 .debug_rnglists
                0x00000045       0x43 CMakeFiles/stm32_fw.elf.dir/src/Core/Src/stm32f1xx_it.c.obj
 .debug_rnglists
                0x00000088       0x1a CMakeFiles/stm32_fw.elf.dir/src/Core/Src/system_stm32f1xx.c.obj
 .debug_rnglists
                0x000000a2       0xa3 CMakeFiles/stm32_fw.elf.dir/src/Drivers/STM32F1xx_HAL_Driver/Src/stm32f1xx_hal.c.obj
 .debug_rnglists
                0x00000145       0xbb CMakeFiles/stm32_fw.elf.dir/src/Drivers/STM32F1xx_HAL_Driver/Src/stm32f1xx_hal_cortex.c.obj
 .debug_rnglists
                0x00000200       0x3f CMakeFiles/stm32_fw.elf.dir/src/Drivers/STM32F1xx_HAL_Driver/Src/stm32f1xx_hal_gpio.c.obj
 .debug_rnglists
                0x0000023f       0x6c CMakeFiles/stm32_fw.elf.dir/src/Drivers/STM32F1xx_HAL_Driver/Src/stm32f1xx_hal_rcc.c.obj
 .debug_rnglists
                0x000002ab       0x19 CMakeFiles/stm32_fw.elf.dir/src/Core/Startup/startup_stm32f103cbtx.s.obj

.debug_macro    0x00000000    0x159f9
 .debug_macro   0x00000000      0x193 CMakeFiles/stm32_fw.elf.dir/src/Core/Src/gpio.c.obj
 .debug_macro   0x00000193      0xac0 CMakeFiles/stm32_fw.elf.dir/src/Core/Src/gpio.c.obj
 .debug_macro   0x00000c53      0x20f CMakeFiles/stm32_fw.elf.dir/src/Core/Src/gpio.c.obj
 .debug_macro   0x00000e62       0x2e CMakeFiles/stm32_fw.elf.dir/src/Core/Src/gpio.c.obj
 .debug_macro   0x00000e90       0x22 CMakeFiles/stm32_fw.elf.dir/src/Core/Src/gpio.c.obj
 .debug_macro   0x00000eb2       0x22 CMakeFiles/stm32_fw.elf.dir/src/Core/Src/gpio.c.obj
 .debug_macro   0x00000ed4       0x8e CMakeFiles/stm32_fw.elf.dir/src/Core/Src/gpio.c.obj
 .debug_macro   0x00000f62       0x51 CMakeFiles/stm32_fw.elf.dir/src/Core/Src/gpio.c.obj
 .debug_macro   0x00000fb3      0x103 CMakeFiles/stm32_fw.elf.dir/src/Core/Src/gpio.c.obj
 .debug_macro   0x000010b6       0x6a CMakeFiles/stm32_fw.elf.dir/src/Core/Src/gpio.c.obj
 .debug_macro   0x00001120      0x1df CMakeFiles/stm32_fw.elf.dir/src/Core/Src/gpio.c.obj
 .debug_macro   0x000012ff       0x1c CMakeFiles/stm32_fw.elf.dir/src/Core/Src/gpio.c.obj
 .debug_macro   0x0000131b       0x22 CMakeFiles/stm32_fw.elf.dir/src/Core/Src/gpio.c.obj
 .debug_macro   0x0000133d       0xbd CMakeFiles/stm32_fw.elf.dir/src/Core/Src/gpio.c.obj
 .debug_macro   0x000013fa      0xd23 CMakeFiles/stm32_fw.elf.dir/src/Core/Src/gpio.c.obj
 .debug_macro   0x0000211d     0xe09e CMakeFiles/stm32_fw.elf.dir/src/Core/Src/gpio.c.obj
 .debug_macro   0x000101bb       0x6d CMakeFiles/stm32_fw.elf.dir/src/Core/Src/gpio.c.obj
 .debug_macro   0x00010228     0x348d CMakeFiles/stm32_fw.elf.dir/src/Core/Src/gpio.c.obj
 .debug_macro   0x000136b5      0x190 CMakeFiles/stm32_fw.elf.dir/src/Core/Src/gpio.c.obj
 .debug_macro   0x00013845       0x5c CMakeFiles/stm32_fw.elf.dir/src/Core/Src/gpio.c.obj
 .debug_macro   0x000138a1      0x5bc CMakeFiles/stm32_fw.elf.dir/src/Core/Src/gpio.c.obj
 .debug_macro   0x00013e5d      0x289 CMakeFiles/stm32_fw.elf.dir/src/Core/Src/gpio.c.obj
 .debug_macro   0x000140e6      0x1cb CMakeFiles/stm32_fw.elf.dir/src/Core/Src/gpio.c.obj
 .debug_macro   0x000142b1      0x114 CMakeFiles/stm32_fw.elf.dir/src/Core/Src/gpio.c.obj
 .debug_macro   0x000143c5      0x1b2 CMakeFiles/stm32_fw.elf.dir/src/Core/Src/gpio.c.obj
 .debug_macro   0x00014577       0x27 CMakeFiles/stm32_fw.elf.dir/src/Core/Src/gpio.c.obj
 .debug_macro   0x0001459e      0x136 CMakeFiles/stm32_fw.elf.dir/src/Core/Src/gpio.c.obj
 .debug_macro   0x000146d4      0x1bc CMakeFiles/stm32_fw.elf.dir/src/Core/Src/gpio.c.obj
 .debug_macro   0x00014890       0x34 CMakeFiles/stm32_fw.elf.dir/src/Core/Src/gpio.c.obj
 .debug_macro   0x000148c4       0x3c CMakeFiles/stm32_fw.elf.dir/src/Core/Src/gpio.c.obj
 .debug_macro   0x00014900       0x57 CMakeFiles/stm32_fw.elf.dir/src/Core/Src/gpio.c.obj
 .debug_macro   0x00014957       0x87 CMakeFiles/stm32_fw.elf.dir/src/Core/Src/gpio.c.obj
 .debug_macro   0x000149de      0x240 CMakeFiles/stm32_fw.elf.dir/src/Core/Src/gpio.c.obj
 .debug_macro   0x00014c1e      0x140 CMakeFiles/stm32_fw.elf.dir/src/Core/Src/gpio.c.obj
 .debug_macro   0x00014d5e       0x83 CMakeFiles/stm32_fw.elf.dir/src/Core/Src/gpio.c.obj
 .debug_macro   0x00014de1      0x197 CMakeFiles/stm32_fw.elf.dir/src/Core/Src/main.c.obj
 .debug_macro   0x00014f78      0x189 CMakeFiles/stm32_fw.elf.dir/src/Core/Src/stm32f1xx_hal_msp.c.obj
 .debug_macro   0x00015101      0x193 CMakeFiles/stm32_fw.elf.dir/src/Core/Src/stm32f1xx_it.c.obj
 .debug_macro   0x00015294       0xc8 CMakeFiles/stm32_fw.elf.dir/src/Core/Src/system_stm32f1xx.c.obj
 .debug_macro   0x0001535c      0x1a3 CMakeFiles/stm32_fw.elf.dir/src/Drivers/STM32F1xx_HAL_Driver/Src/stm32f1xx_hal.c.obj
 .debug_macro   0x000154ff      0x17f CMakeFiles/stm32_fw.elf.dir/src/Drivers/STM32F1xx_HAL_Driver/Src/stm32f1xx_hal_cortex.c.obj
 .debug_macro   0x0001567e      0x1ea CMakeFiles/stm32_fw.elf.dir/src/Drivers/STM32F1xx_HAL_Driver/Src/stm32f1xx_hal_gpio.c.obj
 .debug_macro   0x00015868      0x191 CMakeFiles/stm32_fw.elf.dir/src/Drivers/STM32F1xx_HAL_Driver/Src/stm32f1xx_hal_rcc.c.obj

.debug_line     0x00000000     0x4227
 .debug_line    0x00000000      0x570 CMakeFiles/stm32_fw.elf.dir/src/Core/Src/gpio.c.obj
 .debug_line    0x00000570      0x5d8 CMakeFiles/stm32_fw.elf.dir/src/Core/Src/main.c.obj
 .debug_line    0x00000b48      0x564 CMakeFiles/stm32_fw.elf.dir/src/Core/Src/stm32f1xx_hal_msp.c.obj
 .debug_line    0x000010ac      0x611 CMakeFiles/stm32_fw.elf.dir/src/Core/Src/stm32f1xx_it.c.obj
 .debug_line    0x000016bd      0x3ca CMakeFiles/stm32_fw.elf.dir/src/Core/Src/system_stm32f1xx.c.obj
 .debug_line    0x00001a87      0x812 CMakeFiles/stm32_fw.elf.dir/src/Drivers/STM32F1xx_HAL_Driver/Src/stm32f1xx_hal.c.obj
 .debug_line    0x00002299      0x9dc CMakeFiles/stm32_fw.elf.dir/src/Drivers/STM32F1xx_HAL_Driver/Src/stm32f1xx_hal_cortex.c.obj
 .debug_line    0x00002c75      0x86f CMakeFiles/stm32_fw.elf.dir/src/Drivers/STM32F1xx_HAL_Driver/Src/stm32f1xx_hal_gpio.c.obj
 .debug_line    0x000034e4      0xccb CMakeFiles/stm32_fw.elf.dir/src/Drivers/STM32F1xx_HAL_Driver/Src/stm32f1xx_hal_rcc.c.obj
 .debug_line    0x000041af       0x78 CMakeFiles/stm32_fw.elf.dir/src/Core/Startup/startup_stm32f103cbtx.s.obj

.debug_str      0x00000000    0x7bcb6
 .debug_str     0x00000000    0x7bcb6 CMakeFiles/stm32_fw.elf.dir/src/Core/Src/gpio.c.obj
                              0x7ad7b (size before relaxing)
 .debug_str     0x0007bcb6    0x7ae82 CMakeFiles/stm32_fw.elf.dir/src/Core/Src/main.c.obj
 .debug_str     0x0007bcb6    0x7ad03 CMakeFiles/stm32_fw.elf.dir/src/Core/Src/stm32f1xx_hal_msp.c.obj
 .debug_str     0x0007bcb6    0x7ad18 CMakeFiles/stm32_fw.elf.dir/src/Core/Src/stm32f1xx_it.c.obj
 .debug_str     0x0007bcb6    0x54721 CMakeFiles/stm32_fw.elf.dir/src/Core/Src/system_stm32f1xx.c.obj
 .debug_str     0x0007bcb6    0x7b461 CMakeFiles/stm32_fw.elf.dir/src/Drivers/STM32F1xx_HAL_Driver/Src/stm32f1xx_hal.c.obj
 .debug_str     0x0007bcb6    0x7b3ad CMakeFiles/stm32_fw.elf.dir/src/Drivers/STM32F1xx_HAL_Driver/Src/stm32f1xx_hal_cortex.c.obj
 .debug_str     0x0007bcb6    0x7b0b4 CMakeFiles/stm32_fw.elf.dir/src/Drivers/STM32F1xx_HAL_Driver/Src/stm32f1xx_hal_gpio.c.obj
 .debug_str     0x0007bcb6    0x7b15d CMakeFiles/stm32_fw.elf.dir/src/Drivers/STM32F1xx_HAL_Driver/Src/stm32f1xx_hal_rcc.c.obj
 .debug_str     0x0007bcb6       0x77 CMakeFiles/stm32_fw.elf.dir/src/Core/Startup/startup_stm32f103cbtx.s.obj

.comment        0x00000000       0x44
 .comment       0x00000000       0x44 CMakeFiles/stm32_fw.elf.dir/src/Core/Src/gpio.c.obj
                                 0x45 (size before relaxing)
 .comment       0x00000044       0x45 CMakeFiles/stm32_fw.elf.dir/src/Core/Src/main.c.obj
 .comment       0x00000044       0x45 CMakeFiles/stm32_fw.elf.dir/src/Core/Src/stm32f1xx_hal_msp.c.obj
 .comment       0x00000044       0x45 CMakeFiles/stm32_fw.elf.dir/src/Core/Src/stm32f1xx_it.c.obj
 .comment       0x00000044       0x45 CMakeFiles/stm32_fw.elf.dir/src/Core/Src/system_stm32f1xx.c.obj
 .comment       0x00000044       0x45 CMakeFiles/stm32_fw.elf.dir/src/Drivers/STM32F1xx_HAL_Driver/Src/stm32f1xx_hal.c.obj
 .comment       0x00000044       0x45 CMakeFiles/stm32_fw.elf.dir/src/Drivers/STM32F1xx_HAL_Driver/Src/stm32f1xx_hal_cortex.c.obj
 .comment       0x00000044       0x45 CMakeFiles/stm32_fw.elf.dir/src/Drivers/STM32F1xx_HAL_Driver/Src/stm32f1xx_hal_gpio.c.obj
 .comment       0x00000044       0x45 CMakeFiles/stm32_fw.elf.dir/src/Drivers/STM32F1xx_HAL_Driver/Src/stm32f1xx_hal_rcc.c.obj

.debug_line_str
                0x00000000       0x5b
 .debug_line_str
                0x00000000       0x5b CMakeFiles/stm32_fw.elf.dir/src/Core/Startup/startup_stm32f103cbtx.s.obj

Cross Reference Table

Symbol                                            File
ADC1_2_IRQHandler                                 CMakeFiles/stm32_fw.elf.dir/src/Core/Startup/startup_stm32f103cbtx.s.obj
AHBPrescTable                                     CMakeFiles/stm32_fw.elf.dir/src/Core/Src/system_stm32f1xx.c.obj
                                                  CMakeFiles/stm32_fw.elf.dir/src/Drivers/STM32F1xx_HAL_Driver/Src/stm32f1xx_hal_rcc.c.obj
APBPrescTable                                     CMakeFiles/stm32_fw.elf.dir/src/Core/Src/system_stm32f1xx.c.obj
                                                  CMakeFiles/stm32_fw.elf.dir/src/Drivers/STM32F1xx_HAL_Driver/Src/stm32f1xx_hal_rcc.c.obj
BusFault_Handler                                  CMakeFiles/stm32_fw.elf.dir/src/Core/Src/stm32f1xx_it.c.obj
CAN1_RX1_IRQHandler                               CMakeFiles/stm32_fw.elf.dir/src/Core/Startup/startup_stm32f103cbtx.s.obj
CAN1_SCE_IRQHandler                               CMakeFiles/stm32_fw.elf.dir/src/Core/Startup/startup_stm32f103cbtx.s.obj
DMA1_Channel1_IRQHandler                          CMakeFiles/stm32_fw.elf.dir/src/Core/Startup/startup_stm32f103cbtx.s.obj
DMA1_Channel2_IRQHandler                          CMakeFiles/stm32_fw.elf.dir/src/Core/Startup/startup_stm32f103cbtx.s.obj
DMA1_Channel3_IRQHandler                          CMakeFiles/stm32_fw.elf.dir/src/Core/Startup/startup_stm32f103cbtx.s.obj
DMA1_Channel4_IRQHandler                          CMakeFiles/stm32_fw.elf.dir/src/Core/Startup/startup_stm32f103cbtx.s.obj
DMA1_Channel5_IRQHandler                          CMakeFiles/stm32_fw.elf.dir/src/Core/Startup/startup_stm32f103cbtx.s.obj
DMA1_Channel6_IRQHandler                          CMakeFiles/stm32_fw.elf.dir/src/Core/Startup/startup_stm32f103cbtx.s.obj
DMA1_Channel7_IRQHandler                          CMakeFiles/stm32_fw.elf.dir/src/Core/Startup/startup_stm32f103cbtx.s.obj
DebugMon_Handler                                  CMakeFiles/stm32_fw.elf.dir/src/Core/Src/stm32f1xx_it.c.obj
Default_Handler                                   CMakeFiles/stm32_fw.elf.dir/src/Core/Startup/startup_stm32f103cbtx.s.obj
EXTI0_IRQHandler                                  CMakeFiles/stm32_fw.elf.dir/src/Core/Startup/startup_stm32f103cbtx.s.obj
EXTI15_10_IRQHandler                              CMakeFiles/stm32_fw.elf.dir/src/Core/Startup/startup_stm32f103cbtx.s.obj
EXTI1_IRQHandler                                  CMakeFiles/stm32_fw.elf.dir/src/Core/Startup/startup_stm32f103cbtx.s.obj
EXTI2_IRQHandler                                  CMakeFiles/stm32_fw.elf.dir/src/Core/Startup/startup_stm32f103cbtx.s.obj
EXTI3_IRQHandler                                  CMakeFiles/stm32_fw.elf.dir/src/Core/Startup/startup_stm32f103cbtx.s.obj
EXTI4_IRQHandler                                  CMakeFiles/stm32_fw.elf.dir/src/Core/Startup/startup_stm32f103cbtx.s.obj
EXTI9_5_IRQHandler                                CMakeFiles/stm32_fw.elf.dir/src/Core/Startup/startup_stm32f103cbtx.s.obj
Error_Handler                                     CMakeFiles/stm32_fw.elf.dir/src/Core/Src/main.c.obj
FLASH_IRQHandler                                  CMakeFiles/stm32_fw.elf.dir/src/Core/Startup/startup_stm32f103cbtx.s.obj
FLASH_PageErase                                   CMakeFiles/stm32_fw.elf.dir/src/Drivers/STM32F1xx_HAL_Driver/Src/stm32f1xx_hal_flash_ex.c.obj
                                                  CMakeFiles/stm32_fw.elf.dir/src/Drivers/STM32F1xx_HAL_Driver/Src/stm32f1xx_hal_flash.c.obj
FLASH_WaitForLastOperation                        CMakeFiles/stm32_fw.elf.dir/src/Drivers/STM32F1xx_HAL_Driver/Src/stm32f1xx_hal_flash.c.obj
                                                  CMakeFiles/stm32_fw.elf.dir/src/Drivers/STM32F1xx_HAL_Driver/Src/stm32f1xx_hal_flash_ex.c.obj
HAL_DBGMCU_DisableDBGSleepMode                    CMakeFiles/stm32_fw.elf.dir/src/Drivers/STM32F1xx_HAL_Driver/Src/stm32f1xx_hal.c.obj
HAL_DBGMCU_DisableDBGStandbyMode                  CMakeFiles/stm32_fw.elf.dir/src/Drivers/STM32F1xx_HAL_Driver/Src/stm32f1xx_hal.c.obj
HAL_DBGMCU_DisableDBGStopMode                     CMakeFiles/stm32_fw.elf.dir/src/Drivers/STM32F1xx_HAL_Driver/Src/stm32f1xx_hal.c.obj
HAL_DBGMCU_EnableDBGSleepMode                     CMakeFiles/stm32_fw.elf.dir/src/Drivers/STM32F1xx_HAL_Driver/Src/stm32f1xx_hal.c.obj
HAL_DBGMCU_EnableDBGStandbyMode                   CMakeFiles/stm32_fw.elf.dir/src/Drivers/STM32F1xx_HAL_Driver/Src/stm32f1xx_hal.c.obj
HAL_DBGMCU_EnableDBGStopMode                      CMakeFiles/stm32_fw.elf.dir/src/Drivers/STM32F1xx_HAL_Driver/Src/stm32f1xx_hal.c.obj
HAL_DMA_Abort                                     CMakeFiles/stm32_fw.elf.dir/src/Drivers/STM32F1xx_HAL_Driver/Src/stm32f1xx_hal_dma.c.obj
HAL_DMA_Abort_IT                                  CMakeFiles/stm32_fw.elf.dir/src/Drivers/STM32F1xx_HAL_Driver/Src/stm32f1xx_hal_dma.c.obj
HAL_DMA_DeInit                                    CMakeFiles/stm32_fw.elf.dir/src/Drivers/STM32F1xx_HAL_Driver/Src/stm32f1xx_hal_dma.c.obj
HAL_DMA_GetError                                  CMakeFiles/stm32_fw.elf.dir/src/Drivers/STM32F1xx_HAL_Driver/Src/stm32f1xx_hal_dma.c.obj
HAL_DMA_GetState                                  CMakeFiles/stm32_fw.elf.dir/src/Drivers/STM32F1xx_HAL_Driver/Src/stm32f1xx_hal_dma.c.obj
HAL_DMA_IRQHandler                                CMakeFiles/stm32_fw.elf.dir/src/Drivers/STM32F1xx_HAL_Driver/Src/stm32f1xx_hal_dma.c.obj
HAL_DMA_Init                                      CMakeFiles/stm32_fw.elf.dir/src/Drivers/STM32F1xx_HAL_Driver/Src/stm32f1xx_hal_dma.c.obj
HAL_DMA_PollForTransfer                           CMakeFiles/stm32_fw.elf.dir/src/Drivers/STM32F1xx_HAL_Driver/Src/stm32f1xx_hal_dma.c.obj
HAL_DMA_RegisterCallback                          CMakeFiles/stm32_fw.elf.dir/src/Drivers/STM32F1xx_HAL_Driver/Src/stm32f1xx_hal_dma.c.obj
HAL_DMA_Start                                     CMakeFiles/stm32_fw.elf.dir/src/Drivers/STM32F1xx_HAL_Driver/Src/stm32f1xx_hal_dma.c.obj
HAL_DMA_Start_IT                                  CMakeFiles/stm32_fw.elf.dir/src/Drivers/STM32F1xx_HAL_Driver/Src/stm32f1xx_hal_dma.c.obj
HAL_DMA_UnRegisterCallback                        CMakeFiles/stm32_fw.elf.dir/src/Drivers/STM32F1xx_HAL_Driver/Src/stm32f1xx_hal_dma.c.obj
HAL_DeInit                                        CMakeFiles/stm32_fw.elf.dir/src/Drivers/STM32F1xx_HAL_Driver/Src/stm32f1xx_hal.c.obj
HAL_Delay                                         CMakeFiles/stm32_fw.elf.dir/src/Drivers/STM32F1xx_HAL_Driver/Src/stm32f1xx_hal.c.obj
                                                  CMakeFiles/stm32_fw.elf.dir/src/Core/Src/main.c.obj
HAL_EXTI_ClearConfigLine                          CMakeFiles/stm32_fw.elf.dir/src/Drivers/STM32F1xx_HAL_Driver/Src/stm32f1xx_hal_exti.c.obj
HAL_EXTI_ClearPending                             CMakeFiles/stm32_fw.elf.dir/src/Drivers/STM32F1xx_HAL_Driver/Src/stm32f1xx_hal_exti.c.obj
HAL_EXTI_GenerateSWI                              CMakeFiles/stm32_fw.elf.dir/src/Drivers/STM32F1xx_HAL_Driver/Src/stm32f1xx_hal_exti.c.obj
HAL_EXTI_GetConfigLine                            CMakeFiles/stm32_fw.elf.dir/src/Drivers/STM32F1xx_HAL_Driver/Src/stm32f1xx_hal_exti.c.obj
HAL_EXTI_GetHandle                                CMakeFiles/stm32_fw.elf.dir/src/Drivers/STM32F1xx_HAL_Driver/Src/stm32f1xx_hal_exti.c.obj
HAL_EXTI_GetPending                               CMakeFiles/stm32_fw.elf.dir/src/Drivers/STM32F1xx_HAL_Driver/Src/stm32f1xx_hal_exti.c.obj
HAL_EXTI_IRQHandler                               CMakeFiles/stm32_fw.elf.dir/src/Drivers/STM32F1xx_HAL_Driver/Src/stm32f1xx_hal_exti.c.obj
HAL_EXTI_RegisterCallback                         CMakeFiles/stm32_fw.elf.dir/src/Drivers/STM32F1xx_HAL_Driver/Src/stm32f1xx_hal_exti.c.obj
HAL_EXTI_SetConfigLine                            CMakeFiles/stm32_fw.elf.dir/src/Drivers/STM32F1xx_HAL_Driver/Src/stm32f1xx_hal_exti.c.obj
HAL_FLASHEx_Erase                                 CMakeFiles/stm32_fw.elf.dir/src/Drivers/STM32F1xx_HAL_Driver/Src/stm32f1xx_hal_flash_ex.c.obj
HAL_FLASHEx_Erase_IT                              CMakeFiles/stm32_fw.elf.dir/src/Drivers/STM32F1xx_HAL_Driver/Src/stm32f1xx_hal_flash_ex.c.obj
HAL_FLASHEx_OBErase                               CMakeFiles/stm32_fw.elf.dir/src/Drivers/STM32F1xx_HAL_Driver/Src/stm32f1xx_hal_flash_ex.c.obj
HAL_FLASHEx_OBGetConfig                           CMakeFiles/stm32_fw.elf.dir/src/Drivers/STM32F1xx_HAL_Driver/Src/stm32f1xx_hal_flash_ex.c.obj
HAL_FLASHEx_OBGetUserData                         CMakeFiles/stm32_fw.elf.dir/src/Drivers/STM32F1xx_HAL_Driver/Src/stm32f1xx_hal_flash_ex.c.obj
HAL_FLASHEx_OBProgram                             CMakeFiles/stm32_fw.elf.dir/src/Drivers/STM32F1xx_HAL_Driver/Src/stm32f1xx_hal_flash_ex.c.obj
HAL_FLASH_EndOfOperationCallback                  CMakeFiles/stm32_fw.elf.dir/src/Drivers/STM32F1xx_HAL_Driver/Src/stm32f1xx_hal_flash.c.obj
HAL_FLASH_GetError                                CMakeFiles/stm32_fw.elf.dir/src/Drivers/STM32F1xx_HAL_Driver/Src/stm32f1xx_hal_flash.c.obj
HAL_FLASH_IRQHandler                              CMakeFiles/stm32_fw.elf.dir/src/Drivers/STM32F1xx_HAL_Driver/Src/stm32f1xx_hal_flash.c.obj
HAL_FLASH_Lock                                    CMakeFiles/stm32_fw.elf.dir/src/Drivers/STM32F1xx_HAL_Driver/Src/stm32f1xx_hal_flash.c.obj
HAL_FLASH_OB_Launch                               CMakeFiles/stm32_fw.elf.dir/src/Drivers/STM32F1xx_HAL_Driver/Src/stm32f1xx_hal_flash.c.obj
HAL_FLASH_OB_Lock                                 CMakeFiles/stm32_fw.elf.dir/src/Drivers/STM32F1xx_HAL_Driver/Src/stm32f1xx_hal_flash.c.obj
HAL_FLASH_OB_Unlock                               CMakeFiles/stm32_fw.elf.dir/src/Drivers/STM32F1xx_HAL_Driver/Src/stm32f1xx_hal_flash.c.obj
HAL_FLASH_OperationErrorCallback                  CMakeFiles/stm32_fw.elf.dir/src/Drivers/STM32F1xx_HAL_Driver/Src/stm32f1xx_hal_flash.c.obj
HAL_FLASH_Program                                 CMakeFiles/stm32_fw.elf.dir/src/Drivers/STM32F1xx_HAL_Driver/Src/stm32f1xx_hal_flash.c.obj
HAL_FLASH_Program_IT                              CMakeFiles/stm32_fw.elf.dir/src/Drivers/STM32F1xx_HAL_Driver/Src/stm32f1xx_hal_flash.c.obj
HAL_FLASH_Unlock                                  CMakeFiles/stm32_fw.elf.dir/src/Drivers/STM32F1xx_HAL_Driver/Src/stm32f1xx_hal_flash.c.obj
HAL_GPIOEx_ConfigEventout                         CMakeFiles/stm32_fw.elf.dir/src/Drivers/STM32F1xx_HAL_Driver/Src/stm32f1xx_hal_gpio_ex.c.obj
HAL_GPIOEx_DisableEventout                        CMakeFiles/stm32_fw.elf.dir/src/Drivers/STM32F1xx_HAL_Driver/Src/stm32f1xx_hal_gpio_ex.c.obj
HAL_GPIOEx_EnableEventout                         CMakeFiles/stm32_fw.elf.dir/src/Drivers/STM32F1xx_HAL_Driver/Src/stm32f1xx_hal_gpio_ex.c.obj
HAL_GPIO_DeInit                                   CMakeFiles/stm32_fw.elf.dir/src/Drivers/STM32F1xx_HAL_Driver/Src/stm32f1xx_hal_gpio.c.obj
HAL_GPIO_EXTI_Callback                            CMakeFiles/stm32_fw.elf.dir/src/Drivers/STM32F1xx_HAL_Driver/Src/stm32f1xx_hal_gpio.c.obj
HAL_GPIO_EXTI_IRQHandler                          CMakeFiles/stm32_fw.elf.dir/src/Drivers/STM32F1xx_HAL_Driver/Src/stm32f1xx_hal_gpio.c.obj
HAL_GPIO_Init                                     CMakeFiles/stm32_fw.elf.dir/src/Drivers/STM32F1xx_HAL_Driver/Src/stm32f1xx_hal_gpio.c.obj
                                                  CMakeFiles/stm32_fw.elf.dir/src/Drivers/STM32F1xx_HAL_Driver/Src/stm32f1xx_hal_rcc.c.obj
                                                  CMakeFiles/stm32_fw.elf.dir/src/Core/Src/gpio.c.obj
HAL_GPIO_LockPin                                  CMakeFiles/stm32_fw.elf.dir/src/Drivers/STM32F1xx_HAL_Driver/Src/stm32f1xx_hal_gpio.c.obj
HAL_GPIO_ReadPin                                  CMakeFiles/stm32_fw.elf.dir/src/Drivers/STM32F1xx_HAL_Driver/Src/stm32f1xx_hal_gpio.c.obj
HAL_GPIO_TogglePin                                CMakeFiles/stm32_fw.elf.dir/src/Drivers/STM32F1xx_HAL_Driver/Src/stm32f1xx_hal_gpio.c.obj
                                                  CMakeFiles/stm32_fw.elf.dir/src/Core/Src/main.c.obj
HAL_GPIO_WritePin                                 CMakeFiles/stm32_fw.elf.dir/src/Drivers/STM32F1xx_HAL_Driver/Src/stm32f1xx_hal_gpio.c.obj
                                                  CMakeFiles/stm32_fw.elf.dir/src/Core/Src/gpio.c.obj
HAL_GetDEVID                                      CMakeFiles/stm32_fw.elf.dir/src/Drivers/STM32F1xx_HAL_Driver/Src/stm32f1xx_hal.c.obj
HAL_GetHalVersion                                 CMakeFiles/stm32_fw.elf.dir/src/Drivers/STM32F1xx_HAL_Driver/Src/stm32f1xx_hal.c.obj
HAL_GetREVID                                      CMakeFiles/stm32_fw.elf.dir/src/Drivers/STM32F1xx_HAL_Driver/Src/stm32f1xx_hal.c.obj
HAL_GetTick                                       CMakeFiles/stm32_fw.elf.dir/src/Drivers/STM32F1xx_HAL_Driver/Src/stm32f1xx_hal.c.obj
                                                  CMakeFiles/stm32_fw.elf.dir/src/Drivers/STM32F1xx_HAL_Driver/Src/stm32f1xx_hal_rcc_ex.c.obj
                                                  CMakeFiles/stm32_fw.elf.dir/src/Drivers/STM32F1xx_HAL_Driver/Src/stm32f1xx_hal_rcc.c.obj
                                                  CMakeFiles/stm32_fw.elf.dir/src/Drivers/STM32F1xx_HAL_Driver/Src/stm32f1xx_hal_flash.c.obj
                                                  CMakeFiles/stm32_fw.elf.dir/src/Drivers/STM32F1xx_HAL_Driver/Src/stm32f1xx_hal_dma.c.obj
HAL_GetTickFreq                                   CMakeFiles/stm32_fw.elf.dir/src/Drivers/STM32F1xx_HAL_Driver/Src/stm32f1xx_hal.c.obj
HAL_GetTickPrio                                   CMakeFiles/stm32_fw.elf.dir/src/Drivers/STM32F1xx_HAL_Driver/Src/stm32f1xx_hal.c.obj
HAL_GetUIDw0                                      CMakeFiles/stm32_fw.elf.dir/src/Drivers/STM32F1xx_HAL_Driver/Src/stm32f1xx_hal.c.obj
HAL_GetUIDw1                                      CMakeFiles/stm32_fw.elf.dir/src/Drivers/STM32F1xx_HAL_Driver/Src/stm32f1xx_hal.c.obj
HAL_GetUIDw2                                      CMakeFiles/stm32_fw.elf.dir/src/Drivers/STM32F1xx_HAL_Driver/Src/stm32f1xx_hal.c.obj
HAL_IncTick                                       CMakeFiles/stm32_fw.elf.dir/src/Drivers/STM32F1xx_HAL_Driver/Src/stm32f1xx_hal.c.obj
                                                  CMakeFiles/stm32_fw.elf.dir/src/Core/Src/stm32f1xx_it.c.obj
HAL_Init                                          CMakeFiles/stm32_fw.elf.dir/src/Drivers/STM32F1xx_HAL_Driver/Src/stm32f1xx_hal.c.obj
                                                  CMakeFiles/stm32_fw.elf.dir/src/Core/Src/main.c.obj
HAL_InitTick                                      CMakeFiles/stm32_fw.elf.dir/src/Drivers/STM32F1xx_HAL_Driver/Src/stm32f1xx_hal.c.obj
                                                  CMakeFiles/stm32_fw.elf.dir/src/Drivers/STM32F1xx_HAL_Driver/Src/stm32f1xx_hal_rcc.c.obj
HAL_MspDeInit                                     CMakeFiles/stm32_fw.elf.dir/src/Drivers/STM32F1xx_HAL_Driver/Src/stm32f1xx_hal.c.obj
HAL_MspInit                                       CMakeFiles/stm32_fw.elf.dir/src/Core/Src/stm32f1xx_hal_msp.c.obj
HAL_NVIC_ClearPendingIRQ                          CMakeFiles/stm32_fw.elf.dir/src/Drivers/STM32F1xx_HAL_Driver/Src/stm32f1xx_hal_cortex.c.obj
HAL_NVIC_DisableIRQ                               CMakeFiles/stm32_fw.elf.dir/src/Drivers/STM32F1xx_HAL_Driver/Src/stm32f1xx_hal_cortex.c.obj
HAL_NVIC_EnableIRQ                                CMakeFiles/stm32_fw.elf.dir/src/Drivers/STM32F1xx_HAL_Driver/Src/stm32f1xx_hal_cortex.c.obj
HAL_NVIC_GetActive                                CMakeFiles/stm32_fw.elf.dir/src/Drivers/STM32F1xx_HAL_Driver/Src/stm32f1xx_hal_cortex.c.obj
HAL_NVIC_GetPendingIRQ                            CMakeFiles/stm32_fw.elf.dir/src/Drivers/STM32F1xx_HAL_Driver/Src/stm32f1xx_hal_cortex.c.obj
HAL_NVIC_GetPriority                              CMakeFiles/stm32_fw.elf.dir/src/Drivers/STM32F1xx_HAL_Driver/Src/stm32f1xx_hal_cortex.c.obj
HAL_NVIC_GetPriorityGrouping                      CMakeFiles/stm32_fw.elf.dir/src/Drivers/STM32F1xx_HAL_Driver/Src/stm32f1xx_hal_cortex.c.obj
HAL_NVIC_SetPendingIRQ                            CMakeFiles/stm32_fw.elf.dir/src/Drivers/STM32F1xx_HAL_Driver/Src/stm32f1xx_hal_cortex.c.obj
HAL_NVIC_SetPriority                              CMakeFiles/stm32_fw.elf.dir/src/Drivers/STM32F1xx_HAL_Driver/Src/stm32f1xx_hal_cortex.c.obj
                                                  CMakeFiles/stm32_fw.elf.dir/src/Drivers/STM32F1xx_HAL_Driver/Src/stm32f1xx_hal.c.obj
HAL_NVIC_SetPriorityGrouping                      CMakeFiles/stm32_fw.elf.dir/src/Drivers/STM32F1xx_HAL_Driver/Src/stm32f1xx_hal_cortex.c.obj
                                                  CMakeFiles/stm32_fw.elf.dir/src/Drivers/STM32F1xx_HAL_Driver/Src/stm32f1xx_hal.c.obj
HAL_NVIC_SystemReset                              CMakeFiles/stm32_fw.elf.dir/src/Drivers/STM32F1xx_HAL_Driver/Src/stm32f1xx_hal_cortex.c.obj
                                                  CMakeFiles/stm32_fw.elf.dir/src/Drivers/STM32F1xx_HAL_Driver/Src/stm32f1xx_hal_flash.c.obj
HAL_PWR_ConfigPVD                                 CMakeFiles/stm32_fw.elf.dir/src/Drivers/STM32F1xx_HAL_Driver/Src/stm32f1xx_hal_pwr.c.obj
HAL_PWR_DeInit                                    CMakeFiles/stm32_fw.elf.dir/src/Drivers/STM32F1xx_HAL_Driver/Src/stm32f1xx_hal_pwr.c.obj
HAL_PWR_DisableBkUpAccess                         CMakeFiles/stm32_fw.elf.dir/src/Drivers/STM32F1xx_HAL_Driver/Src/stm32f1xx_hal_pwr.c.obj
HAL_PWR_DisablePVD                                CMakeFiles/stm32_fw.elf.dir/src/Drivers/STM32F1xx_HAL_Driver/Src/stm32f1xx_hal_pwr.c.obj
HAL_PWR_DisableSEVOnPend                          CMakeFiles/stm32_fw.elf.dir/src/Drivers/STM32F1xx_HAL_Driver/Src/stm32f1xx_hal_pwr.c.obj
HAL_PWR_DisableSleepOnExit                        CMakeFiles/stm32_fw.elf.dir/src/Drivers/STM32F1xx_HAL_Driver/Src/stm32f1xx_hal_pwr.c.obj
HAL_PWR_DisableWakeUpPin                          CMakeFiles/stm32_fw.elf.dir/src/Drivers/STM32F1xx_HAL_Driver/Src/stm32f1xx_hal_pwr.c.obj
HAL_PWR_EnableBkUpAccess                          CMakeFiles/stm32_fw.elf.dir/src/Drivers/STM32F1xx_HAL_Driver/Src/stm32f1xx_hal_pwr.c.obj
HAL_PWR_EnablePVD                                 CMakeFiles/stm32_fw.elf.dir/src/Drivers/STM32F1xx_HAL_Driver/Src/stm32f1xx_hal_pwr.c.obj
HAL_PWR_EnableSEVOnPend                           CMakeFiles/stm32_fw.elf.dir/src/Drivers/STM32F1xx_HAL_Driver/Src/stm32f1xx_hal_pwr.c.obj
HAL_PWR_EnableSleepOnExit                         CMakeFiles/stm32_fw.elf.dir/src/Drivers/STM32F1xx_HAL_Driver/Src/stm32f1xx_hal_pwr.c.obj
HAL_PWR_EnableWakeUpPin                           CMakeFiles/stm32_fw.elf.dir/src/Drivers/STM32F1xx_HAL_Driver/Src/stm32f1xx_hal_pwr.c.obj
HAL_PWR_EnterSLEEPMode                            CMakeFiles/stm32_fw.elf.dir/src/Drivers/STM32F1xx_HAL_Driver/Src/stm32f1xx_hal_pwr.c.obj
HAL_PWR_EnterSTANDBYMode                          CMakeFiles/stm32_fw.elf.dir/src/Drivers/STM32F1xx_HAL_Driver/Src/stm32f1xx_hal_pwr.c.obj
HAL_PWR_EnterSTOPMode                             CMakeFiles/stm32_fw.elf.dir/src/Drivers/STM32F1xx_HAL_Driver/Src/stm32f1xx_hal_pwr.c.obj
HAL_PWR_PVDCallback                               CMakeFiles/stm32_fw.elf.dir/src/Drivers/STM32F1xx_HAL_Driver/Src/stm32f1xx_hal_pwr.c.obj
HAL_PWR_PVD_IRQHandler                            CMakeFiles/stm32_fw.elf.dir/src/Drivers/STM32F1xx_HAL_Driver/Src/stm32f1xx_hal_pwr.c.obj
HAL_RCCEx_GetPeriphCLKConfig                      CMakeFiles/stm32_fw.elf.dir/src/Drivers/STM32F1xx_HAL_Driver/Src/stm32f1xx_hal_rcc_ex.c.obj
HAL_RCCEx_GetPeriphCLKFreq                        CMakeFiles/stm32_fw.elf.dir/src/Drivers/STM32F1xx_HAL_Driver/Src/stm32f1xx_hal_rcc_ex.c.obj
HAL_RCCEx_PeriphCLKConfig                         CMakeFiles/stm32_fw.elf.dir/src/Drivers/STM32F1xx_HAL_Driver/Src/stm32f1xx_hal_rcc_ex.c.obj
HAL_RCC_CSSCallback                               CMakeFiles/stm32_fw.elf.dir/src/Drivers/STM32F1xx_HAL_Driver/Src/stm32f1xx_hal_rcc.c.obj
HAL_RCC_ClockConfig                               CMakeFiles/stm32_fw.elf.dir/src/Drivers/STM32F1xx_HAL_Driver/Src/stm32f1xx_hal_rcc.c.obj
                                                  CMakeFiles/stm32_fw.elf.dir/src/Core/Src/main.c.obj
HAL_RCC_DeInit                                    CMakeFiles/stm32_fw.elf.dir/src/Drivers/STM32F1xx_HAL_Driver/Src/stm32f1xx_hal_rcc.c.obj
HAL_RCC_DisableCSS                                CMakeFiles/stm32_fw.elf.dir/src/Drivers/STM32F1xx_HAL_Driver/Src/stm32f1xx_hal_rcc.c.obj
HAL_RCC_EnableCSS                                 CMakeFiles/stm32_fw.elf.dir/src/Drivers/STM32F1xx_HAL_Driver/Src/stm32f1xx_hal_rcc.c.obj
HAL_RCC_GetClockConfig                            CMakeFiles/stm32_fw.elf.dir/src/Drivers/STM32F1xx_HAL_Driver/Src/stm32f1xx_hal_rcc.c.obj
HAL_RCC_GetHCLKFreq                               CMakeFiles/stm32_fw.elf.dir/src/Drivers/STM32F1xx_HAL_Driver/Src/stm32f1xx_hal_rcc.c.obj
HAL_RCC_GetOscConfig                              CMakeFiles/stm32_fw.elf.dir/src/Drivers/STM32F1xx_HAL_Driver/Src/stm32f1xx_hal_rcc.c.obj
HAL_RCC_GetPCLK1Freq                              CMakeFiles/stm32_fw.elf.dir/src/Drivers/STM32F1xx_HAL_Driver/Src/stm32f1xx_hal_rcc.c.obj
HAL_RCC_GetPCLK2Freq                              CMakeFiles/stm32_fw.elf.dir/src/Drivers/STM32F1xx_HAL_Driver/Src/stm32f1xx_hal_rcc.c.obj
                                                  CMakeFiles/stm32_fw.elf.dir/src/Drivers/STM32F1xx_HAL_Driver/Src/stm32f1xx_hal_rcc_ex.c.obj
HAL_RCC_GetSysClockFreq                           CMakeFiles/stm32_fw.elf.dir/src/Drivers/STM32F1xx_HAL_Driver/Src/stm32f1xx_hal_rcc.c.obj
HAL_RCC_MCOConfig                                 CMakeFiles/stm32_fw.elf.dir/src/Drivers/STM32F1xx_HAL_Driver/Src/stm32f1xx_hal_rcc.c.obj
HAL_RCC_NMI_IRQHandler                            CMakeFiles/stm32_fw.elf.dir/src/Drivers/STM32F1xx_HAL_Driver/Src/stm32f1xx_hal_rcc.c.obj
HAL_RCC_OscConfig                                 CMakeFiles/stm32_fw.elf.dir/src/Drivers/STM32F1xx_HAL_Driver/Src/stm32f1xx_hal_rcc.c.obj
                                                  CMakeFiles/stm32_fw.elf.dir/src/Core/Src/main.c.obj
HAL_ResumeTick                                    CMakeFiles/stm32_fw.elf.dir/src/Drivers/STM32F1xx_HAL_Driver/Src/stm32f1xx_hal.c.obj
HAL_SYSTICK_CLKSourceConfig                       CMakeFiles/stm32_fw.elf.dir/src/Drivers/STM32F1xx_HAL_Driver/Src/stm32f1xx_hal_cortex.c.obj
HAL_SYSTICK_Callback                              CMakeFiles/stm32_fw.elf.dir/src/Drivers/STM32F1xx_HAL_Driver/Src/stm32f1xx_hal_cortex.c.obj
HAL_SYSTICK_Config                                CMakeFiles/stm32_fw.elf.dir/src/Drivers/STM32F1xx_HAL_Driver/Src/stm32f1xx_hal_cortex.c.obj
                                                  CMakeFiles/stm32_fw.elf.dir/src/Drivers/STM32F1xx_HAL_Driver/Src/stm32f1xx_hal.c.obj
HAL_SYSTICK_IRQHandler                            CMakeFiles/stm32_fw.elf.dir/src/Drivers/STM32F1xx_HAL_Driver/Src/stm32f1xx_hal_cortex.c.obj
HAL_SetTickFreq                                   CMakeFiles/stm32_fw.elf.dir/src/Drivers/STM32F1xx_HAL_Driver/Src/stm32f1xx_hal.c.obj
HAL_SuspendTick                                   CMakeFiles/stm32_fw.elf.dir/src/Drivers/STM32F1xx_HAL_Driver/Src/stm32f1xx_hal.c.obj
HardFault_Handler                                 CMakeFiles/stm32_fw.elf.dir/src/Core/Src/stm32f1xx_it.c.obj
I2C1_ER_IRQHandler                                CMakeFiles/stm32_fw.elf.dir/src/Core/Startup/startup_stm32f103cbtx.s.obj
I2C1_EV_IRQHandler                                CMakeFiles/stm32_fw.elf.dir/src/Core/Startup/startup_stm32f103cbtx.s.obj
I2C2_ER_IRQHandler                                CMakeFiles/stm32_fw.elf.dir/src/Core/Startup/startup_stm32f103cbtx.s.obj
I2C2_EV_IRQHandler                                CMakeFiles/stm32_fw.elf.dir/src/Core/Startup/startup_stm32f103cbtx.s.obj
MX_GPIO_Init                                      CMakeFiles/stm32_fw.elf.dir/src/Core/Src/gpio.c.obj
                                                  CMakeFiles/stm32_fw.elf.dir/src/Core/Src/main.c.obj
MemManage_Handler                                 CMakeFiles/stm32_fw.elf.dir/src/Core/Src/stm32f1xx_it.c.obj
NMI_Handler                                       CMakeFiles/stm32_fw.elf.dir/src/Core/Src/stm32f1xx_it.c.obj
PVD_IRQHandler                                    CMakeFiles/stm32_fw.elf.dir/src/Core/Startup/startup_stm32f103cbtx.s.obj
PendSV_Handler                                    CMakeFiles/stm32_fw.elf.dir/src/Core/Src/stm32f1xx_it.c.obj
RCC_IRQHandler                                    CMakeFiles/stm32_fw.elf.dir/src/Core/Startup/startup_stm32f103cbtx.s.obj
RTC_Alarm_IRQHandler                              CMakeFiles/stm32_fw.elf.dir/src/Core/Startup/startup_stm32f103cbtx.s.obj
RTC_IRQHandler                                    CMakeFiles/stm32_fw.elf.dir/src/Core/Startup/startup_stm32f103cbtx.s.obj
Reset_Handler                                     CMakeFiles/stm32_fw.elf.dir/src/Core/Startup/startup_stm32f103cbtx.s.obj
SPI1_IRQHandler                                   CMakeFiles/stm32_fw.elf.dir/src/Core/Startup/startup_stm32f103cbtx.s.obj
SPI2_IRQHandler                                   CMakeFiles/stm32_fw.elf.dir/src/Core/Startup/startup_stm32f103cbtx.s.obj
SVC_Handler                                       CMakeFiles/stm32_fw.elf.dir/src/Core/Src/stm32f1xx_it.c.obj
SysTick_Handler                                   CMakeFiles/stm32_fw.elf.dir/src/Core/Src/stm32f1xx_it.c.obj
SystemClock_Config                                CMakeFiles/stm32_fw.elf.dir/src/Core/Src/main.c.obj
SystemCoreClock                                   CMakeFiles/stm32_fw.elf.dir/src/Core/Src/system_stm32f1xx.c.obj
                                                  CMakeFiles/stm32_fw.elf.dir/src/Drivers/STM32F1xx_HAL_Driver/Src/stm32f1xx_hal_rcc.c.obj
                                                  CMakeFiles/stm32_fw.elf.dir/src/Drivers/STM32F1xx_HAL_Driver/Src/stm32f1xx_hal.c.obj
SystemCoreClockUpdate                             CMakeFiles/stm32_fw.elf.dir/src/Core/Src/system_stm32f1xx.c.obj
SystemInit                                        CMakeFiles/stm32_fw.elf.dir/src/Core/Src/system_stm32f1xx.c.obj
                                                  CMakeFiles/stm32_fw.elf.dir/src/Core/Startup/startup_stm32f103cbtx.s.obj
TAMPER_IRQHandler                                 CMakeFiles/stm32_fw.elf.dir/src/Core/Startup/startup_stm32f103cbtx.s.obj
TIM1_BRK_IRQHandler                               CMakeFiles/stm32_fw.elf.dir/src/Core/Startup/startup_stm32f103cbtx.s.obj
TIM1_CC_IRQHandler                                CMakeFiles/stm32_fw.elf.dir/src/Core/Startup/startup_stm32f103cbtx.s.obj
TIM1_TRG_COM_IRQHandler                           CMakeFiles/stm32_fw.elf.dir/src/Core/Startup/startup_stm32f103cbtx.s.obj
TIM1_UP_IRQHandler                                CMakeFiles/stm32_fw.elf.dir/src/Core/Startup/startup_stm32f103cbtx.s.obj
TIM2_IRQHandler                                   CMakeFiles/stm32_fw.elf.dir/src/Core/Startup/startup_stm32f103cbtx.s.obj
TIM3_IRQHandler                                   CMakeFiles/stm32_fw.elf.dir/src/Core/Startup/startup_stm32f103cbtx.s.obj
TIM4_IRQHandler                                   CMakeFiles/stm32_fw.elf.dir/src/Core/Startup/startup_stm32f103cbtx.s.obj
USART1_IRQHandler                                 CMakeFiles/stm32_fw.elf.dir/src/Core/Startup/startup_stm32f103cbtx.s.obj
USART2_IRQHandler                                 CMakeFiles/stm32_fw.elf.dir/src/Core/Startup/startup_stm32f103cbtx.s.obj
USART3_IRQHandler                                 CMakeFiles/stm32_fw.elf.dir/src/Core/Startup/startup_stm32f103cbtx.s.obj
USBWakeUp_IRQHandler                              CMakeFiles/stm32_fw.elf.dir/src/Core/Startup/startup_stm32f103cbtx.s.obj
USB_HP_CAN1_TX_IRQHandler                         CMakeFiles/stm32_fw.elf.dir/src/Core/Startup/startup_stm32f103cbtx.s.obj
USB_LP_CAN1_RX0_IRQHandler                        CMakeFiles/stm32_fw.elf.dir/src/Core/Startup/startup_stm32f103cbtx.s.obj
UsageFault_Handler                                CMakeFiles/stm32_fw.elf.dir/src/Core/Src/stm32f1xx_it.c.obj
WWDG_IRQHandler                                   CMakeFiles/stm32_fw.elf.dir/src/Core/Startup/startup_stm32f103cbtx.s.obj
_ITM_deregisterTMCloneTable                       C:/tools/arm-gnu-toolchain-13.2.Rel1-mingw-w64-i686-arm-none-eabi/bin/../lib/gcc/arm-none-eabi/13.2.1/thumb/v7-m/nofp/crtbegin.o
_ITM_registerTMCloneTable                         C:/tools/arm-gnu-toolchain-13.2.Rel1-mingw-w64-i686-arm-none-eabi/bin/../lib/gcc/arm-none-eabi/13.2.1/thumb/v7-m/nofp/crtbegin.o
_Min_Stack_Size                                   CMakeFiles/stm32_fw.elf.dir/src/Core/Src/sysmem.c.obj
__TMC_END__                                       C:/tools/arm-gnu-toolchain-13.2.Rel1-mingw-w64-i686-arm-none-eabi/bin/../lib/gcc/arm-none-eabi/13.2.1/thumb/v7-m/nofp/crtend.o
                                                  C:/tools/arm-gnu-toolchain-13.2.Rel1-mingw-w64-i686-arm-none-eabi/bin/../lib/gcc/arm-none-eabi/13.2.1/thumb/v7-m/nofp/crtbegin.o
__bss_end__                                       C:/tools/arm-gnu-toolchain-13.2.Rel1-mingw-w64-i686-arm-none-eabi/bin/../lib/gcc/arm-none-eabi/13.2.1/thumb/v7-m/nofp/crt0.o
__bss_start__                                     C:/tools/arm-gnu-toolchain-13.2.Rel1-mingw-w64-i686-arm-none-eabi/bin/../lib/gcc/arm-none-eabi/13.2.1/thumb/v7-m/nofp/crt0.o
__call_exitprocs                                  C:/tools/arm-gnu-toolchain-13.2.Rel1-mingw-w64-i686-arm-none-eabi/bin/../lib/gcc/arm-none-eabi/13.2.1/thumb/v7-m/nofp\libc_nano.a(libc_a-exit.o)
__deregister_frame_info                           C:/tools/arm-gnu-toolchain-13.2.Rel1-mingw-w64-i686-arm-none-eabi/bin/../lib/gcc/arm-none-eabi/13.2.1/thumb/v7-m/nofp/crtbegin.o
__dso_handle                                      C:/tools/arm-gnu-toolchain-13.2.Rel1-mingw-w64-i686-arm-none-eabi/bin/../lib/gcc/arm-none-eabi/13.2.1/thumb/v7-m/nofp/crtbegin.o
__env                                             CMakeFiles/stm32_fw.elf.dir/src/Core/Src/syscalls.c.obj
__errno                                           C:/tools/arm-gnu-toolchain-13.2.Rel1-mingw-w64-i686-arm-none-eabi/bin/../lib/gcc/arm-none-eabi/13.2.1/thumb/v7-m/nofp\libg_nano.a(libc_a-errno.o)
                                                  CMakeFiles/stm32_fw.elf.dir/src/Core/Src/sysmem.c.obj
                                                  CMakeFiles/stm32_fw.elf.dir/src/Core/Src/syscalls.c.obj
__fp_lock_all                                     C:/tools/arm-gnu-toolchain-13.2.Rel1-mingw-w64-i686-arm-none-eabi/bin/../lib/gcc/arm-none-eabi/13.2.1/thumb/v7-m/nofp\libc_nano.a(libc_a-findfp.o)
__fp_unlock_all                                   C:/tools/arm-gnu-toolchain-13.2.Rel1-mingw-w64-i686-arm-none-eabi/bin/../lib/gcc/arm-none-eabi/13.2.1/thumb/v7-m/nofp\libc_nano.a(libc_a-findfp.o)
__init_array_end                                  C:/tools/arm-gnu-toolchain-13.2.Rel1-mingw-w64-i686-arm-none-eabi/bin/../lib/gcc/arm-none-eabi/13.2.1/thumb/v7-m/nofp\libc_nano.a(libc_a-init.o)
__init_array_start                                C:/tools/arm-gnu-toolchain-13.2.Rel1-mingw-w64-i686-arm-none-eabi/bin/../lib/gcc/arm-none-eabi/13.2.1/thumb/v7-m/nofp\libc_nano.a(libc_a-init.o)
__io_getchar                                      CMakeFiles/stm32_fw.elf.dir/src/Core/Src/syscalls.c.obj
__io_putchar                                      CMakeFiles/stm32_fw.elf.dir/src/Core/Src/syscalls.c.obj
__libc_fini_array                                 C:/tools/arm-gnu-toolchain-13.2.Rel1-mingw-w64-i686-arm-none-eabi/bin/../lib/gcc/arm-none-eabi/13.2.1/thumb/v7-m/nofp/crt0.o
__libc_init_array                                 C:/tools/arm-gnu-toolchain-13.2.Rel1-mingw-w64-i686-arm-none-eabi/bin/../lib/gcc/arm-none-eabi/13.2.1/thumb/v7-m/nofp\libc_nano.a(libc_a-init.o)
                                                  CMakeFiles/stm32_fw.elf.dir/src/Core/Startup/startup_stm32f103cbtx.s.obj
                                                  C:/tools/arm-gnu-toolchain-13.2.Rel1-mingw-w64-i686-arm-none-eabi/bin/../lib/gcc/arm-none-eabi/13.2.1/thumb/v7-m/nofp/crt0.o
__lock___arc4random_mutex                         C:/tools/arm-gnu-toolchain-13.2.Rel1-mingw-w64-i686-arm-none-eabi/bin/../lib/gcc/arm-none-eabi/13.2.1/thumb/v7-m/nofp\libc_nano.a(libc_a-lock.o)
__lock___at_quick_exit_mutex                      C:/tools/arm-gnu-toolchain-13.2.Rel1-mingw-w64-i686-arm-none-eabi/bin/../lib/gcc/arm-none-eabi/13.2.1/thumb/v7-m/nofp\libc_nano.a(libc_a-lock.o)
__lock___atexit_recursive_mutex                   C:/tools/arm-gnu-toolchain-13.2.Rel1-mingw-w64-i686-arm-none-eabi/bin/../lib/gcc/arm-none-eabi/13.2.1/thumb/v7-m/nofp\libc_nano.a(libc_a-lock.o)
__lock___dd_hash_mutex                            C:/tools/arm-gnu-toolchain-13.2.Rel1-mingw-w64-i686-arm-none-eabi/bin/../lib/gcc/arm-none-eabi/13.2.1/thumb/v7-m/nofp\libc_nano.a(libc_a-lock.o)
__lock___env_recursive_mutex                      C:/tools/arm-gnu-toolchain-13.2.Rel1-mingw-w64-i686-arm-none-eabi/bin/../lib/gcc/arm-none-eabi/13.2.1/thumb/v7-m/nofp\libc_nano.a(libc_a-lock.o)
__lock___malloc_recursive_mutex                   C:/tools/arm-gnu-toolchain-13.2.Rel1-mingw-w64-i686-arm-none-eabi/bin/../lib/gcc/arm-none-eabi/13.2.1/thumb/v7-m/nofp\libc_nano.a(libc_a-lock.o)
                                                  C:/tools/arm-gnu-toolchain-13.2.Rel1-mingw-w64-i686-arm-none-eabi/bin/../lib/gcc/arm-none-eabi/13.2.1/thumb/v7-m/nofp\libc_nano.a(libc_a-mlock.o)
__lock___sfp_recursive_mutex                      C:/tools/arm-gnu-toolchain-13.2.Rel1-mingw-w64-i686-arm-none-eabi/bin/../lib/gcc/arm-none-eabi/13.2.1/thumb/v7-m/nofp\libc_nano.a(libc_a-lock.o)
                                                  C:/tools/arm-gnu-toolchain-13.2.Rel1-mingw-w64-i686-arm-none-eabi/bin/../lib/gcc/arm-none-eabi/13.2.1/thumb/v7-m/nofp\libc_nano.a(libc_a-findfp.o)
__lock___tz_mutex                                 C:/tools/arm-gnu-toolchain-13.2.Rel1-mingw-w64-i686-arm-none-eabi/bin/../lib/gcc/arm-none-eabi/13.2.1/thumb/v7-m/nofp\libc_nano.a(libc_a-lock.o)
__malloc_free_list                                C:/tools/arm-gnu-toolchain-13.2.Rel1-mingw-w64-i686-arm-none-eabi/bin/../lib/gcc/arm-none-eabi/13.2.1/thumb/v7-m/nofp\libc_nano.a(libc_a-mallocr.o)
                                                  C:/tools/arm-gnu-toolchain-13.2.Rel1-mingw-w64-i686-arm-none-eabi/bin/../lib/gcc/arm-none-eabi/13.2.1/thumb/v7-m/nofp\libc_nano.a(libc_a-freer.o)
__malloc_lock                                     C:/tools/arm-gnu-toolchain-13.2.Rel1-mingw-w64-i686-arm-none-eabi/bin/../lib/gcc/arm-none-eabi/13.2.1/thumb/v7-m/nofp\libc_nano.a(libc_a-mlock.o)
                                                  C:/tools/arm-gnu-toolchain-13.2.Rel1-mingw-w64-i686-arm-none-eabi/bin/../lib/gcc/arm-none-eabi/13.2.1/thumb/v7-m/nofp\libc_nano.a(libc_a-mallocr.o)
                                                  C:/tools/arm-gnu-toolchain-13.2.Rel1-mingw-w64-i686-arm-none-eabi/bin/../lib/gcc/arm-none-eabi/13.2.1/thumb/v7-m/nofp\libc_nano.a(libc_a-freer.o)
__malloc_sbrk_start                               C:/tools/arm-gnu-toolchain-13.2.Rel1-mingw-w64-i686-arm-none-eabi/bin/../lib/gcc/arm-none-eabi/13.2.1/thumb/v7-m/nofp\libc_nano.a(libc_a-mallocr.o)
__malloc_unlock                                   C:/tools/arm-gnu-toolchain-13.2.Rel1-mingw-w64-i686-arm-none-eabi/bin/../lib/gcc/arm-none-eabi/13.2.1/thumb/v7-m/nofp\libc_nano.a(libc_a-mlock.o)
                                                  C:/tools/arm-gnu-toolchain-13.2.Rel1-mingw-w64-i686-arm-none-eabi/bin/../lib/gcc/arm-none-eabi/13.2.1/thumb/v7-m/nofp\libc_nano.a(libc_a-mallocr.o)
                                                  C:/tools/arm-gnu-toolchain-13.2.Rel1-mingw-w64-i686-arm-none-eabi/bin/../lib/gcc/arm-none-eabi/13.2.1/thumb/v7-m/nofp\libc_nano.a(libc_a-freer.o)
__preinit_array_end                               C:/tools/arm-gnu-toolchain-13.2.Rel1-mingw-w64-i686-arm-none-eabi/bin/../lib/gcc/arm-none-eabi/13.2.1/thumb/v7-m/nofp\libc_nano.a(libc_a-init.o)
__preinit_array_start                             C:/tools/arm-gnu-toolchain-13.2.Rel1-mingw-w64-i686-arm-none-eabi/bin/../lib/gcc/arm-none-eabi/13.2.1/thumb/v7-m/nofp\libc_nano.a(libc_a-init.o)
__register_frame_info                             C:/tools/arm-gnu-toolchain-13.2.Rel1-mingw-w64-i686-arm-none-eabi/bin/../lib/gcc/arm-none-eabi/13.2.1/thumb/v7-m/nofp/crtbegin.o
__retarget_lock_acquire                           C:/tools/arm-gnu-toolchain-13.2.Rel1-mingw-w64-i686-arm-none-eabi/bin/../lib/gcc/arm-none-eabi/13.2.1/thumb/v7-m/nofp\libc_nano.a(libc_a-lock.o)
__retarget_lock_acquire_recursive                 C:/tools/arm-gnu-toolchain-13.2.Rel1-mingw-w64-i686-arm-none-eabi/bin/../lib/gcc/arm-none-eabi/13.2.1/thumb/v7-m/nofp\libc_nano.a(libc_a-lock.o)
                                                  C:/tools/arm-gnu-toolchain-13.2.Rel1-mingw-w64-i686-arm-none-eabi/bin/../lib/gcc/arm-none-eabi/13.2.1/thumb/v7-m/nofp\libc_nano.a(libc_a-fflush.o)
                                                  C:/tools/arm-gnu-toolchain-13.2.Rel1-mingw-w64-i686-arm-none-eabi/bin/../lib/gcc/arm-none-eabi/13.2.1/thumb/v7-m/nofp\libc_nano.a(libc_a-mlock.o)
                                                  C:/tools/arm-gnu-toolchain-13.2.Rel1-mingw-w64-i686-arm-none-eabi/bin/../lib/gcc/arm-none-eabi/13.2.1/thumb/v7-m/nofp\libc_nano.a(libc_a-findfp.o)
__retarget_lock_close                             C:/tools/arm-gnu-toolchain-13.2.Rel1-mingw-w64-i686-arm-none-eabi/bin/../lib/gcc/arm-none-eabi/13.2.1/thumb/v7-m/nofp\libc_nano.a(libc_a-lock.o)
__retarget_lock_close_recursive                   C:/tools/arm-gnu-toolchain-13.2.Rel1-mingw-w64-i686-arm-none-eabi/bin/../lib/gcc/arm-none-eabi/13.2.1/thumb/v7-m/nofp\libc_nano.a(libc_a-lock.o)
__retarget_lock_init                              C:/tools/arm-gnu-toolchain-13.2.Rel1-mingw-w64-i686-arm-none-eabi/bin/../lib/gcc/arm-none-eabi/13.2.1/thumb/v7-m/nofp\libc_nano.a(libc_a-lock.o)
__retarget_lock_init_recursive                    C:/tools/arm-gnu-toolchain-13.2.Rel1-mingw-w64-i686-arm-none-eabi/bin/../lib/gcc/arm-none-eabi/13.2.1/thumb/v7-m/nofp\libc_nano.a(libc_a-lock.o)
                                                  C:/tools/arm-gnu-toolchain-13.2.Rel1-mingw-w64-i686-arm-none-eabi/bin/../lib/gcc/arm-none-eabi/13.2.1/thumb/v7-m/nofp\libc_nano.a(libc_a-findfp.o)
__retarget_lock_release                           C:/tools/arm-gnu-toolchain-13.2.Rel1-mingw-w64-i686-arm-none-eabi/bin/../lib/gcc/arm-none-eabi/13.2.1/thumb/v7-m/nofp\libc_nano.a(libc_a-lock.o)
__retarget_lock_release_recursive                 C:/tools/arm-gnu-toolchain-13.2.Rel1-mingw-w64-i686-arm-none-eabi/bin/../lib/gcc/arm-none-eabi/13.2.1/thumb/v7-m/nofp\libc_nano.a(libc_a-lock.o)
                                                  C:/tools/arm-gnu-toolchain-13.2.Rel1-mingw-w64-i686-arm-none-eabi/bin/../lib/gcc/arm-none-eabi/13.2.1/thumb/v7-m/nofp\libc_nano.a(libc_a-fflush.o)
                                                  C:/tools/arm-gnu-toolchain-13.2.Rel1-mingw-w64-i686-arm-none-eabi/bin/../lib/gcc/arm-none-eabi/13.2.1/thumb/v7-m/nofp\libc_nano.a(libc_a-mlock.o)
                                                  C:/tools/arm-gnu-toolchain-13.2.Rel1-mingw-w64-i686-arm-none-eabi/bin/../lib/gcc/arm-none-eabi/13.2.1/thumb/v7-m/nofp\libc_nano.a(libc_a-findfp.o)
__retarget_lock_try_acquire                       C:/tools/arm-gnu-toolchain-13.2.Rel1-mingw-w64-i686-arm-none-eabi/bin/../lib/gcc/arm-none-eabi/13.2.1/thumb/v7-m/nofp\libc_nano.a(libc_a-lock.o)
__retarget_lock_try_acquire_recursive             C:/tools/arm-gnu-toolchain-13.2.Rel1-mingw-w64-i686-arm-none-eabi/bin/../lib/gcc/arm-none-eabi/13.2.1/thumb/v7-m/nofp\libc_nano.a(libc_a-lock.o)
__sclose                                          C:/tools/arm-gnu-toolchain-13.2.Rel1-mingw-w64-i686-arm-none-eabi/bin/../lib/gcc/arm-none-eabi/13.2.1/thumb/v7-m/nofp\libc_nano.a(libc_a-stdio.o)
                                                  C:/tools/arm-gnu-toolchain-13.2.Rel1-mingw-w64-i686-arm-none-eabi/bin/../lib/gcc/arm-none-eabi/13.2.1/thumb/v7-m/nofp\libc_nano.a(libc_a-findfp.o)
__seofread                                        C:/tools/arm-gnu-toolchain-13.2.Rel1-mingw-w64-i686-arm-none-eabi/bin/../lib/gcc/arm-none-eabi/13.2.1/thumb/v7-m/nofp\libc_nano.a(libc_a-stdio.o)
__sf                                              C:/tools/arm-gnu-toolchain-13.2.Rel1-mingw-w64-i686-arm-none-eabi/bin/../lib/gcc/arm-none-eabi/13.2.1/thumb/v7-m/nofp\libc_nano.a(libc_a-findfp.o)
                                                  C:/tools/arm-gnu-toolchain-13.2.Rel1-mingw-w64-i686-arm-none-eabi/bin/../lib/gcc/arm-none-eabi/13.2.1/thumb/v7-m/nofp\libc_nano.a(libc_a-impure.o)
__sflush_r                                        C:/tools/arm-gnu-toolchain-13.2.Rel1-mingw-w64-i686-arm-none-eabi/bin/../lib/gcc/arm-none-eabi/13.2.1/thumb/v7-m/nofp\libc_nano.a(libc_a-fflush.o)
__sfp                                             C:/tools/arm-gnu-toolchain-13.2.Rel1-mingw-w64-i686-arm-none-eabi/bin/../lib/gcc/arm-none-eabi/13.2.1/thumb/v7-m/nofp\libc_nano.a(libc_a-findfp.o)
__sfp_lock_acquire                                C:/tools/arm-gnu-toolchain-13.2.Rel1-mingw-w64-i686-arm-none-eabi/bin/../lib/gcc/arm-none-eabi/13.2.1/thumb/v7-m/nofp\libc_nano.a(libc_a-findfp.o)
__sfp_lock_release                                C:/tools/arm-gnu-toolchain-13.2.Rel1-mingw-w64-i686-arm-none-eabi/bin/../lib/gcc/arm-none-eabi/13.2.1/thumb/v7-m/nofp\libc_nano.a(libc_a-findfp.o)
__sglue                                           C:/tools/arm-gnu-toolchain-13.2.Rel1-mingw-w64-i686-arm-none-eabi/bin/../lib/gcc/arm-none-eabi/13.2.1/thumb/v7-m/nofp\libc_nano.a(libc_a-findfp.o)
                                                  C:/tools/arm-gnu-toolchain-13.2.Rel1-mingw-w64-i686-arm-none-eabi/bin/../lib/gcc/arm-none-eabi/13.2.1/thumb/v7-m/nofp\libc_nano.a(libc_a-fflush.o)
__sinit                                           C:/tools/arm-gnu-toolchain-13.2.Rel1-mingw-w64-i686-arm-none-eabi/bin/../lib/gcc/arm-none-eabi/13.2.1/thumb/v7-m/nofp\libc_nano.a(libc_a-findfp.o)
                                                  C:/tools/arm-gnu-toolchain-13.2.Rel1-mingw-w64-i686-arm-none-eabi/bin/../lib/gcc/arm-none-eabi/13.2.1/thumb/v7-m/nofp\libc_nano.a(libc_a-fflush.o)
__sread                                           C:/tools/arm-gnu-toolchain-13.2.Rel1-mingw-w64-i686-arm-none-eabi/bin/../lib/gcc/arm-none-eabi/13.2.1/thumb/v7-m/nofp\libc_nano.a(libc_a-stdio.o)
                                                  C:/tools/arm-gnu-toolchain-13.2.Rel1-mingw-w64-i686-arm-none-eabi/bin/../lib/gcc/arm-none-eabi/13.2.1/thumb/v7-m/nofp\libc_nano.a(libc_a-findfp.o)
__sseek                                           C:/tools/arm-gnu-toolchain-13.2.Rel1-mingw-w64-i686-arm-none-eabi/bin/../lib/gcc/arm-none-eabi/13.2.1/thumb/v7-m/nofp\libc_nano.a(libc_a-stdio.o)
                                                  C:/tools/arm-gnu-toolchain-13.2.Rel1-mingw-w64-i686-arm-none-eabi/bin/../lib/gcc/arm-none-eabi/13.2.1/thumb/v7-m/nofp\libc_nano.a(libc_a-findfp.o)
__stack                                           C:/tools/arm-gnu-toolchain-13.2.Rel1-mingw-w64-i686-arm-none-eabi/bin/../lib/gcc/arm-none-eabi/13.2.1/thumb/v7-m/nofp/crt0.o
__stdio_exit_handler                              C:/tools/arm-gnu-toolchain-13.2.Rel1-mingw-w64-i686-arm-none-eabi/bin/../lib/gcc/arm-none-eabi/13.2.1/thumb/v7-m/nofp\libc_nano.a(libc_a-findfp.o)
                                                  C:/tools/arm-gnu-toolchain-13.2.Rel1-mingw-w64-i686-arm-none-eabi/bin/../lib/gcc/arm-none-eabi/13.2.1/thumb/v7-m/nofp\libc_nano.a(libc_a-exit.o)
__swrite                                          C:/tools/arm-gnu-toolchain-13.2.Rel1-mingw-w64-i686-arm-none-eabi/bin/../lib/gcc/arm-none-eabi/13.2.1/thumb/v7-m/nofp\libc_nano.a(libc_a-stdio.o)
                                                  C:/tools/arm-gnu-toolchain-13.2.Rel1-mingw-w64-i686-arm-none-eabi/bin/../lib/gcc/arm-none-eabi/13.2.1/thumb/v7-m/nofp\libc_nano.a(libc_a-findfp.o)
_close                                            CMakeFiles/stm32_fw.elf.dir/src/Core/Src/syscalls.c.obj
                                                  C:/tools/arm-gnu-toolchain-13.2.Rel1-mingw-w64-i686-arm-none-eabi/bin/../lib/gcc/arm-none-eabi/13.2.1/thumb/v7-m/nofp\libc_nano.a(libc_a-closer.o)
_close_r                                          C:/tools/arm-gnu-toolchain-13.2.Rel1-mingw-w64-i686-arm-none-eabi/bin/../lib/gcc/arm-none-eabi/13.2.1/thumb/v7-m/nofp\libc_nano.a(libc_a-closer.o)
                                                  C:/tools/arm-gnu-toolchain-13.2.Rel1-mingw-w64-i686-arm-none-eabi/bin/../lib/gcc/arm-none-eabi/13.2.1/thumb/v7-m/nofp\libc_nano.a(libc_a-stdio.o)
_ebss                                             CMakeFiles/stm32_fw.elf.dir/src/Core/Startup/startup_stm32f103cbtx.s.obj
_edata                                            CMakeFiles/stm32_fw.elf.dir/src/Core/Startup/startup_stm32f103cbtx.s.obj
_end                                              CMakeFiles/stm32_fw.elf.dir/src/Core/Src/sysmem.c.obj
_estack                                           CMakeFiles/stm32_fw.elf.dir/src/Core/Startup/startup_stm32f103cbtx.s.obj
                                                  CMakeFiles/stm32_fw.elf.dir/src/Core/Src/sysmem.c.obj
_execve                                           CMakeFiles/stm32_fw.elf.dir/src/Core/Src/syscalls.c.obj
_exit                                             CMakeFiles/stm32_fw.elf.dir/src/Core/Src/syscalls.c.obj
                                                  C:/tools/arm-gnu-toolchain-13.2.Rel1-mingw-w64-i686-arm-none-eabi/bin/../lib/gcc/arm-none-eabi/13.2.1/thumb/v7-m/nofp\libc_nano.a(libc_a-exit.o)
_fflush_r                                         C:/tools/arm-gnu-toolchain-13.2.Rel1-mingw-w64-i686-arm-none-eabi/bin/../lib/gcc/arm-none-eabi/13.2.1/thumb/v7-m/nofp\libc_nano.a(libc_a-fflush.o)
                                                  C:/tools/arm-gnu-toolchain-13.2.Rel1-mingw-w64-i686-arm-none-eabi/bin/../lib/gcc/arm-none-eabi/13.2.1/thumb/v7-m/nofp\libc_nano.a(libc_a-findfp.o)
_fini                                             C:/tools/arm-gnu-toolchain-13.2.Rel1-mingw-w64-i686-arm-none-eabi/bin/../lib/gcc/arm-none-eabi/13.2.1/thumb/v7-m/nofp/crti.o
_fork                                             CMakeFiles/stm32_fw.elf.dir/src/Core/Src/syscalls.c.obj
_free_r                                           C:/tools/arm-gnu-toolchain-13.2.Rel1-mingw-w64-i686-arm-none-eabi/bin/../lib/gcc/arm-none-eabi/13.2.1/thumb/v7-m/nofp\libc_nano.a(libc_a-freer.o)
                                                  C:/tools/arm-gnu-toolchain-13.2.Rel1-mingw-w64-i686-arm-none-eabi/bin/../lib/gcc/arm-none-eabi/13.2.1/thumb/v7-m/nofp\libc_nano.a(libc_a-fflush.o)
                                                  C:/tools/arm-gnu-toolchain-13.2.Rel1-mingw-w64-i686-arm-none-eabi/bin/../lib/gcc/arm-none-eabi/13.2.1/thumb/v7-m/nofp\libc_nano.a(libc_a-reent.o)
_fstat                                            CMakeFiles/stm32_fw.elf.dir/src/Core/Src/syscalls.c.obj
_fwalk_sglue                                      C:/tools/arm-gnu-toolchain-13.2.Rel1-mingw-w64-i686-arm-none-eabi/bin/../lib/gcc/arm-none-eabi/13.2.1/thumb/v7-m/nofp\libc_nano.a(libc_a-fwalk.o)
                                                  C:/tools/arm-gnu-toolchain-13.2.Rel1-mingw-w64-i686-arm-none-eabi/bin/../lib/gcc/arm-none-eabi/13.2.1/thumb/v7-m/nofp\libc_nano.a(libc_a-fflush.o)
                                                  C:/tools/arm-gnu-toolchain-13.2.Rel1-mingw-w64-i686-arm-none-eabi/bin/../lib/gcc/arm-none-eabi/13.2.1/thumb/v7-m/nofp\libc_nano.a(libc_a-findfp.o)
_getpid                                           CMakeFiles/stm32_fw.elf.dir/src/Core/Src/syscalls.c.obj
_impure_data                                      C:/tools/arm-gnu-toolchain-13.2.Rel1-mingw-w64-i686-arm-none-eabi/bin/../lib/gcc/arm-none-eabi/13.2.1/thumb/v7-m/nofp\libc_nano.a(libc_a-impure.o)
                                                  C:/tools/arm-gnu-toolchain-13.2.Rel1-mingw-w64-i686-arm-none-eabi/bin/../lib/gcc/arm-none-eabi/13.2.1/thumb/v7-m/nofp\libc_nano.a(libc_a-fflush.o)
                                                  C:/tools/arm-gnu-toolchain-13.2.Rel1-mingw-w64-i686-arm-none-eabi/bin/../lib/gcc/arm-none-eabi/13.2.1/thumb/v7-m/nofp\libc_nano.a(libc_a-findfp.o)
_impure_ptr                                       C:/tools/arm-gnu-toolchain-13.2.Rel1-mingw-w64-i686-arm-none-eabi/bin/../lib/gcc/arm-none-eabi/13.2.1/thumb/v7-m/nofp\libc_nano.a(libc_a-impure.o)
                                                  C:/tools/arm-gnu-toolchain-13.2.Rel1-mingw-w64-i686-arm-none-eabi/bin/../lib/gcc/arm-none-eabi/13.2.1/thumb/v7-m/nofp\libg_nano.a(libc_a-errno.o)
                                                  C:/tools/arm-gnu-toolchain-13.2.Rel1-mingw-w64-i686-arm-none-eabi/bin/../lib/gcc/arm-none-eabi/13.2.1/thumb/v7-m/nofp\libc_nano.a(libc_a-fflush.o)
                                                  C:/tools/arm-gnu-toolchain-13.2.Rel1-mingw-w64-i686-arm-none-eabi/bin/../lib/gcc/arm-none-eabi/13.2.1/thumb/v7-m/nofp\libc_nano.a(libc_a-reent.o)
_init                                             C:/tools/arm-gnu-toolchain-13.2.Rel1-mingw-w64-i686-arm-none-eabi/bin/../lib/gcc/arm-none-eabi/13.2.1/thumb/v7-m/nofp/crti.o
                                                  C:/tools/arm-gnu-toolchain-13.2.Rel1-mingw-w64-i686-arm-none-eabi/bin/../lib/gcc/arm-none-eabi/13.2.1/thumb/v7-m/nofp\libc_nano.a(libc_a-init.o)
_isatty                                           CMakeFiles/stm32_fw.elf.dir/src/Core/Src/syscalls.c.obj
_kill                                             CMakeFiles/stm32_fw.elf.dir/src/Core/Src/syscalls.c.obj
_link                                             CMakeFiles/stm32_fw.elf.dir/src/Core/Src/syscalls.c.obj
_lseek                                            CMakeFiles/stm32_fw.elf.dir/src/Core/Src/syscalls.c.obj
                                                  C:/tools/arm-gnu-toolchain-13.2.Rel1-mingw-w64-i686-arm-none-eabi/bin/../lib/gcc/arm-none-eabi/13.2.1/thumb/v7-m/nofp\libc_nano.a(libc_a-lseekr.o)
_lseek_r                                          C:/tools/arm-gnu-toolchain-13.2.Rel1-mingw-w64-i686-arm-none-eabi/bin/../lib/gcc/arm-none-eabi/13.2.1/thumb/v7-m/nofp\libc_nano.a(libc_a-lseekr.o)
                                                  C:/tools/arm-gnu-toolchain-13.2.Rel1-mingw-w64-i686-arm-none-eabi/bin/../lib/gcc/arm-none-eabi/13.2.1/thumb/v7-m/nofp\libc_nano.a(libc_a-stdio.o)
_mainCRTStartup                                   C:/tools/arm-gnu-toolchain-13.2.Rel1-mingw-w64-i686-arm-none-eabi/bin/../lib/gcc/arm-none-eabi/13.2.1/thumb/v7-m/nofp/crt0.o
_malloc_r                                         C:/tools/arm-gnu-toolchain-13.2.Rel1-mingw-w64-i686-arm-none-eabi/bin/../lib/gcc/arm-none-eabi/13.2.1/thumb/v7-m/nofp\libc_nano.a(libc_a-mallocr.o)
                                                  C:/tools/arm-gnu-toolchain-13.2.Rel1-mingw-w64-i686-arm-none-eabi/bin/../lib/gcc/arm-none-eabi/13.2.1/thumb/v7-m/nofp\libc_nano.a(libc_a-findfp.o)
_open                                             CMakeFiles/stm32_fw.elf.dir/src/Core/Src/syscalls.c.obj
_read                                             CMakeFiles/stm32_fw.elf.dir/src/Core/Src/syscalls.c.obj
                                                  C:/tools/arm-gnu-toolchain-13.2.Rel1-mingw-w64-i686-arm-none-eabi/bin/../lib/gcc/arm-none-eabi/13.2.1/thumb/v7-m/nofp\libc_nano.a(libc_a-readr.o)
_read_r                                           C:/tools/arm-gnu-toolchain-13.2.Rel1-mingw-w64-i686-arm-none-eabi/bin/../lib/gcc/arm-none-eabi/13.2.1/thumb/v7-m/nofp\libc_nano.a(libc_a-readr.o)
                                                  C:/tools/arm-gnu-toolchain-13.2.Rel1-mingw-w64-i686-arm-none-eabi/bin/../lib/gcc/arm-none-eabi/13.2.1/thumb/v7-m/nofp\libc_nano.a(libc_a-stdio.o)
_reclaim_reent                                    C:/tools/arm-gnu-toolchain-13.2.Rel1-mingw-w64-i686-arm-none-eabi/bin/../lib/gcc/arm-none-eabi/13.2.1/thumb/v7-m/nofp\libc_nano.a(libc_a-reent.o)
_sbrk                                             CMakeFiles/stm32_fw.elf.dir/src/Core/Src/sysmem.c.obj
                                                  C:/tools/arm-gnu-toolchain-13.2.Rel1-mingw-w64-i686-arm-none-eabi/bin/../lib/gcc/arm-none-eabi/13.2.1/thumb/v7-m/nofp\libc_nano.a(libc_a-sbrkr.o)
_sbrk_r                                           C:/tools/arm-gnu-toolchain-13.2.Rel1-mingw-w64-i686-arm-none-eabi/bin/../lib/gcc/arm-none-eabi/13.2.1/thumb/v7-m/nofp\libc_nano.a(libc_a-sbrkr.o)
                                                  C:/tools/arm-gnu-toolchain-13.2.Rel1-mingw-w64-i686-arm-none-eabi/bin/../lib/gcc/arm-none-eabi/13.2.1/thumb/v7-m/nofp\libc_nano.a(libc_a-mallocr.o)
_sbss                                             CMakeFiles/stm32_fw.elf.dir/src/Core/Startup/startup_stm32f103cbtx.s.obj
_sdata                                            CMakeFiles/stm32_fw.elf.dir/src/Core/Startup/startup_stm32f103cbtx.s.obj
_sidata                                           CMakeFiles/stm32_fw.elf.dir/src/Core/Startup/startup_stm32f103cbtx.s.obj
_stack_init                                       C:/tools/arm-gnu-toolchain-13.2.Rel1-mingw-w64-i686-arm-none-eabi/bin/../lib/gcc/arm-none-eabi/13.2.1/thumb/v7-m/nofp/crt0.o
_start                                            C:/tools/arm-gnu-toolchain-13.2.Rel1-mingw-w64-i686-arm-none-eabi/bin/../lib/gcc/arm-none-eabi/13.2.1/thumb/v7-m/nofp/crt0.o
_stat                                             CMakeFiles/stm32_fw.elf.dir/src/Core/Src/syscalls.c.obj
_times                                            CMakeFiles/stm32_fw.elf.dir/src/Core/Src/syscalls.c.obj
_unlink                                           CMakeFiles/stm32_fw.elf.dir/src/Core/Src/syscalls.c.obj
_wait                                             CMakeFiles/stm32_fw.elf.dir/src/Core/Src/syscalls.c.obj
_write                                            CMakeFiles/stm32_fw.elf.dir/src/Core/Src/syscalls.c.obj
                                                  C:/tools/arm-gnu-toolchain-13.2.Rel1-mingw-w64-i686-arm-none-eabi/bin/../lib/gcc/arm-none-eabi/13.2.1/thumb/v7-m/nofp\libc_nano.a(libc_a-writer.o)
_write_r                                          C:/tools/arm-gnu-toolchain-13.2.Rel1-mingw-w64-i686-arm-none-eabi/bin/../lib/gcc/arm-none-eabi/13.2.1/thumb/v7-m/nofp\libc_nano.a(libc_a-writer.o)
                                                  C:/tools/arm-gnu-toolchain-13.2.Rel1-mingw-w64-i686-arm-none-eabi/bin/../lib/gcc/arm-none-eabi/13.2.1/thumb/v7-m/nofp\libc_nano.a(libc_a-stdio.o)